14:14:35 **** Build of project pr_flow_bsp ****
make -k all 
Running Make include in psu_cortexa53_0/libsrc/sdps_v3_6/src
make -C psu_cortexa53_0/libsrc/sdps_v3_6/src -s include  "SHELL=/bin/sh" "COMPILER=aarch64-none-elf-gcc" "ARCHIVER=aarch64-none-elf-ar" "COMPILER_FLAGS=  -O2 -c" "EXTRA_COMPILER_FLAGS=-g -Wall -Wextra"
Running Make include in psu_cortexa53_0/libsrc/csudma_v1_3/src
make -C psu_cortexa53_0/libsrc/csudma_v1_3/src -s include  "SHELL=/bin/sh" "COMPILER=aarch64-none-elf-gcc" "ARCHIVER=aarch64-none-elf-ar" "COMPILER_FLAGS=  -O2 -c" "EXTRA_COMPILER_FLAGS=-g -Wall -Wextra"
Running Make include in psu_cortexa53_0/libsrc/ipipsu_v2_4/src
make -C psu_cortexa53_0/libsrc/ipipsu_v2_4/src -s include  "SHELL=/bin/sh" "COMPILER=aarch64-none-elf-gcc" "ARCHIVER=aarch64-none-elf-ar" "COMPILER_FLAGS=  -O2 -c" "EXTRA_COMPILER_FLAGS=-g -Wall -Wextra"
Running Make include in psu_cortexa53_0/libsrc/emacps_v3_8/src
make -C psu_cortexa53_0/libsrc/emacps_v3_8/src -s include  "SHELL=/bin/sh" "COMPILER=aarch64-none-elf-gcc" "ARCHIVER=aarch64-none-elf-ar" "COMPILER_FLAGS=  -O2 -c" "EXTRA_COMPILER_FLAGS=-g -Wall -Wextra"
Running Make include in psu_cortexa53_0/libsrc/ttcps_v3_7/src
make -C psu_cortexa53_0/libsrc/ttcps_v3_7/src -s include  "SHELL=/bin/sh" "COMPILER=aarch64-none-elf-gcc" "ARCHIVER=aarch64-none-elf-ar" "COMPILER_FLAGS=  -O2 -c" "EXTRA_COMPILER_FLAGS=-g -Wall -Wextra"
Running Make include in psu_cortexa53_0/libsrc/resetps_v1_2/src
make -C psu_cortexa53_0/libsrc/resetps_v1_2/src -s include  "SHELL=/bin/sh" "COMPILER=aarch64-none-elf-gcc" "ARCHIVER=aarch64-none-elf-ar" "COMPILER_FLAGS=  -O2 -c" "EXTRA_COMPILER_FLAGS=-g -Wall -Wextra"
Running Make include in psu_cortexa53_0/libsrc/axidma_v9_8/src
make -C psu_cortexa53_0/libsrc/axidma_v9_8/src -s include  "SHELL=/bin/sh" "COMPILER=aarch64-none-elf-gcc" "ARCHIVER=aarch64-none-elf-ar" "COMPILER_FLAGS=  -O2 -c" "EXTRA_COMPILER_FLAGS=-g -Wall -Wextra"
Running Make include in psu_cortexa53_0/libsrc/axipmon_v6_7/src
make -C psu_cortexa53_0/libsrc/axipmon_v6_7/src -s include  "SHELL=/bin/sh" "COMPILER=aarch64-none-elf-gcc" "ARCHIVER=aarch64-none-elf-ar" "COMPILER_FLAGS=  -O2 -c" "EXTRA_COMPILER_FLAGS=-g -Wall -Wextra"
Running Make include in psu_cortexa53_0/libsrc/avbuf_v2_2/src
make -C psu_cortexa53_0/libsrc/avbuf_v2_2/src -s include  "SHELL=/bin/sh" "COMPILER=aarch64-none-elf-gcc" "ARCHIVER=aarch64-none-elf-ar" "COMPILER_FLAGS=  -O2 -c" "EXTRA_COMPILER_FLAGS=-g -Wall -Wextra"
Running Make include in psu_cortexa53_0/libsrc/dpdma_v1_1/src
make -C psu_cortexa53_0/libsrc/dpdma_v1_1/src -s include  "SHELL=/bin/sh" "COMPILER=aarch64-none-elf-gcc" "ARCHIVER=aarch64-none-elf-ar" "COMPILER_FLAGS=  -O2 -c" "EXTRA_COMPILER_FLAGS=-g -Wall -Wextra"
Running Make include in psu_cortexa53_0/libsrc/iicps_v3_8/src
make -C psu_cortexa53_0/libsrc/iicps_v3_8/src -s include  "SHELL=/bin/sh" "COMPILER=aarch64-none-elf-gcc" "ARCHIVER=aarch64-none-elf-ar" "COMPILER_FLAGS=  -O2 -c" "EXTRA_COMPILER_FLAGS=-g -Wall -Wextra"
Running Make include in psu_cortexa53_0/libsrc/canps_v3_2/src
make -C psu_cortexa53_0/libsrc/canps_v3_2/src -s include  "SHELL=/bin/sh" "COMPILER=aarch64-none-elf-gcc" "ARCHIVER=aarch64-none-elf-ar" "COMPILER_FLAGS=  -O2 -c" "EXTRA_COMPILER_FLAGS=-g -Wall -Wextra"
Running Make include in psu_cortexa53_0/libsrc/scugic_v3_10/src
make -C psu_cortexa53_0/libsrc/scugic_v3_10/src -s include  "SHELL=/bin/sh" "COMPILER=aarch64-none-elf-gcc" "ARCHIVER=aarch64-none-elf-ar" "COMPILER_FLAGS=  -O2 -c" "EXTRA_COMPILER_FLAGS=-g -Wall -Wextra"
Running Make include in psu_cortexa53_0/libsrc/sysmonpsu_v2_5/src
make -C psu_cortexa53_0/libsrc/sysmonpsu_v2_5/src -s include  "SHELL=/bin/sh" "COMPILER=aarch64-none-elf-gcc" "ARCHIVER=aarch64-none-elf-ar" "COMPILER_FLAGS=  -O2 -c" "EXTRA_COMPILER_FLAGS=-g -Wall -Wextra"
Running Make include in psu_cortexa53_0/libsrc/ddrcpsu_v1_1/src
make -C psu_cortexa53_0/libsrc/ddrcpsu_v1_1/src -s include  "SHELL=/bin/sh" "COMPILER=aarch64-none-elf-gcc" "ARCHIVER=aarch64-none-elf-ar" "COMPILER_FLAGS=  -O2 -c" "EXTRA_COMPILER_FLAGS=-g -Wall -Wextra"
Running Make include in psu_cortexa53_0/libsrc/video_common_v4_5/src
make -C psu_cortexa53_0/libsrc/video_common_v4_5/src -s include  "SHELL=/bin/sh" "COMPILER=aarch64-none-elf-gcc" "ARCHIVER=aarch64-none-elf-ar" "COMPILER_FLAGS=  -O2 -c" "EXTRA_COMPILER_FLAGS=-g -Wall -Wextra"
Running Make include in psu_cortexa53_0/libsrc/dppsu_v1_1/src
make -C psu_cortexa53_0/libsrc/dppsu_v1_1/src -s include  "SHELL=/bin/sh" "COMPILER=aarch64-none-elf-gcc" "ARCHIVER=aarch64-none-elf-ar" "COMPILER_FLAGS=  -O2 -c" "EXTRA_COMPILER_FLAGS=-g -Wall -Wextra"
Running Make include in psu_cortexa53_0/libsrc/gpiops_v3_4/src
make -C psu_cortexa53_0/libsrc/gpiops_v3_4/src -s include  "SHELL=/bin/sh" "COMPILER=aarch64-none-elf-gcc" "ARCHIVER=aarch64-none-elf-ar" "COMPILER_FLAGS=  -O2 -c" "EXTRA_COMPILER_FLAGS=-g -Wall -Wextra"
Running Make include in psu_cortexa53_0/libsrc/cpu_cortexa53_v1_5/src
make -C psu_cortexa53_0/libsrc/cpu_cortexa53_v1_5/src -s include  "SHELL=/bin/sh" "COMPILER=aarch64-none-elf-gcc" "ARCHIVER=aarch64-none-elf-ar" "COMPILER_FLAGS=  -O2 -c" "EXTRA_COMPILER_FLAGS=-g -Wall -Wextra"
Running Make include in psu_cortexa53_0/libsrc/standalone_v7_1/src
make -C psu_cortexa53_0/libsrc/standalone_v7_1/src -s include  "SHELL=/bin/sh" "COMPILER=aarch64-none-elf-gcc" "ARCHIVER=aarch64-none-elf-ar" "COMPILER_FLAGS=  -O2 -c" "EXTRA_COMPILER_FLAGS=-g -Wall -Wextra"
Running Make include in psu_cortexa53_0/libsrc/uartps_v3_7/src
make -C psu_cortexa53_0/libsrc/uartps_v3_7/src -s include  "SHELL=/bin/sh" "COMPILER=aarch64-none-elf-gcc" "ARCHIVER=aarch64-none-elf-ar" "COMPILER_FLAGS=  -O2 -c" "EXTRA_COMPILER_FLAGS=-g -Wall -Wextra"
Running Make include in psu_cortexa53_0/libsrc/qspipsu_v1_8/src
make -C psu_cortexa53_0/libsrc/qspipsu_v1_8/src -s include  "SHELL=/bin/sh" "COMPILER=aarch64-none-elf-gcc" "ARCHIVER=aarch64-none-elf-ar" "COMPILER_FLAGS=  -O2 -c" "EXTRA_COMPILER_FLAGS=-g -Wall -Wextra"
Running Make include in psu_cortexa53_0/libsrc/rtcpsu_v1_6/src
make -C psu_cortexa53_0/libsrc/rtcpsu_v1_6/src -s include  "SHELL=/bin/sh" "COMPILER=aarch64-none-elf-gcc" "ARCHIVER=aarch64-none-elf-ar" "COMPILER_FLAGS=  -O2 -c" "EXTRA_COMPILER_FLAGS=-g -Wall -Wextra"
Running Make include in psu_cortexa53_0/libsrc/pciepsu_v1_0/src
make -C psu_cortexa53_0/libsrc/pciepsu_v1_0/src -s include  "SHELL=/bin/sh" "COMPILER=aarch64-none-elf-gcc" "ARCHIVER=aarch64-none-elf-ar" "COMPILER_FLAGS=  -O2 -c" "EXTRA_COMPILER_FLAGS=-g -Wall -Wextra"
Running Make include in psu_cortexa53_0/libsrc/clockps_v1_0/src
make -C psu_cortexa53_0/libsrc/clockps_v1_0/src -s include  "SHELL=/bin/sh" "COMPILER=aarch64-none-elf-gcc" "ARCHIVER=aarch64-none-elf-ar" "COMPILER_FLAGS=  -O2 -c" "EXTRA_COMPILER_FLAGS=-g -Wall -Wextra"
Running Make include in psu_cortexa53_0/libsrc/zdma_v1_6/src
make -C psu_cortexa53_0/libsrc/zdma_v1_6/src -s include  "SHELL=/bin/sh" "COMPILER=aarch64-none-elf-gcc" "ARCHIVER=aarch64-none-elf-ar" "COMPILER_FLAGS=  -O2 -c" "EXTRA_COMPILER_FLAGS=-g -Wall -Wextra"
Running Make include in psu_cortexa53_0/libsrc/coresightps_dcc_v1_4/src
make -C psu_cortexa53_0/libsrc/coresightps_dcc_v1_4/src -s include  "SHELL=/bin/sh" "COMPILER=aarch64-none-elf-gcc" "ARCHIVER=aarch64-none-elf-ar" "COMPILER_FLAGS=  -O2 -c" "EXTRA_COMPILER_FLAGS=-g -Wall -Wextra"
Running Make include in psu_cortexa53_0/libsrc/usbpsu_v1_4/src
make -C psu_cortexa53_0/libsrc/usbpsu_v1_4/src -s include  "SHELL=/bin/sh" "COMPILER=aarch64-none-elf-gcc" "ARCHIVER=aarch64-none-elf-ar" "COMPILER_FLAGS=  -O2 -c" "EXTRA_COMPILER_FLAGS=-g -Wall -Wextra"
Running Make include in psu_cortexa53_0/libsrc/wdtps_v3_1/src
make -C psu_cortexa53_0/libsrc/wdtps_v3_1/src -s include  "SHELL=/bin/sh" "COMPILER=aarch64-none-elf-gcc" "ARCHIVER=aarch64-none-elf-ar" "COMPILER_FLAGS=  -O2 -c" "EXTRA_COMPILER_FLAGS=-g -Wall -Wextra"
Running Make libs in psu_cortexa53_0/libsrc/sdps_v3_6/src
make -C psu_cortexa53_0/libsrc/sdps_v3_6/src -s libs  "SHELL=/bin/sh" "COMPILER=aarch64-none-elf-gcc" "ARCHIVER=aarch64-none-elf-ar" "COMPILER_FLAGS=  -O2 -c" "EXTRA_COMPILER_FLAGS=-g -Wall -Wextra"
Compiling sdps
aarch64-none-elf-ar: creating ../../../lib/libxil.a
Running Make libs in psu_cortexa53_0/libsrc/csudma_v1_3/src
make -C psu_cortexa53_0/libsrc/csudma_v1_3/src -s libs  "SHELL=/bin/sh" "COMPILER=aarch64-none-elf-gcc" "ARCHIVER=aarch64-none-elf-ar" "COMPILER_FLAGS=  -O2 -c" "EXTRA_COMPILER_FLAGS=-g -Wall -Wextra"
Compiling csudma
Running Make libs in psu_cortexa53_0/libsrc/ipipsu_v2_4/src
make -C psu_cortexa53_0/libsrc/ipipsu_v2_4/src -s libs  "SHELL=/bin/sh" "COMPILER=aarch64-none-elf-gcc" "ARCHIVER=aarch64-none-elf-ar" "COMPILER_FLAGS=  -O2 -c" "EXTRA_COMPILER_FLAGS=-g -Wall -Wextra"
Compiling ipipsu
Running Make libs in psu_cortexa53_0/libsrc/emacps_v3_8/src
make -C psu_cortexa53_0/libsrc/emacps_v3_8/src -s libs  "SHELL=/bin/sh" "COMPILER=aarch64-none-elf-gcc" "ARCHIVER=aarch64-none-elf-ar" "COMPILER_FLAGS=  -O2 -c" "EXTRA_COMPILER_FLAGS=-g -Wall -Wextra"
Compiling emacps
Running Make libs in psu_cortexa53_0/libsrc/ttcps_v3_7/src
make -C psu_cortexa53_0/libsrc/ttcps_v3_7/src -s libs  "SHELL=/bin/sh" "COMPILER=aarch64-none-elf-gcc" "ARCHIVER=aarch64-none-elf-ar" "COMPILER_FLAGS=  -O2 -c" "EXTRA_COMPILER_FLAGS=-g -Wall -Wextra"
Compiling ttcps
Running Make libs in psu_cortexa53_0/libsrc/resetps_v1_2/src
make -C psu_cortexa53_0/libsrc/resetps_v1_2/src -s libs  "SHELL=/bin/sh" "COMPILER=aarch64-none-elf-gcc" "ARCHIVER=aarch64-none-elf-ar" "COMPILER_FLAGS=  -O2 -c" "EXTRA_COMPILER_FLAGS=-g -Wall -Wextra"
Compiling resetps
Running Make libs in psu_cortexa53_0/libsrc/axidma_v9_8/src
make -C psu_cortexa53_0/libsrc/axidma_v9_8/src -s libs  "SHELL=/bin/sh" "COMPILER=aarch64-none-elf-gcc" "ARCHIVER=aarch64-none-elf-ar" "COMPILER_FLAGS=  -O2 -c" "EXTRA_COMPILER_FLAGS=-g -Wall -Wextra"
Compiling axidma
Running Make libs in psu_cortexa53_0/libsrc/axipmon_v6_7/src
make -C psu_cortexa53_0/libsrc/axipmon_v6_7/src -s libs  "SHELL=/bin/sh" "COMPILER=aarch64-none-elf-gcc" "ARCHIVER=aarch64-none-elf-ar" "COMPILER_FLAGS=  -O2 -c" "EXTRA_COMPILER_FLAGS=-g -Wall -Wextra"
Compiling axipmon
Running Make libs in psu_cortexa53_0/libsrc/avbuf_v2_2/src
make -C psu_cortexa53_0/libsrc/avbuf_v2_2/src -s libs  "SHELL=/bin/sh" "COMPILER=aarch64-none-elf-gcc" "ARCHIVER=aarch64-none-elf-ar" "COMPILER_FLAGS=  -O2 -c" "EXTRA_COMPILER_FLAGS=-g -Wall -Wextra"
Compiling avbuf
Running Make libs in psu_cortexa53_0/libsrc/dpdma_v1_1/src
make -C psu_cortexa53_0/libsrc/dpdma_v1_1/src -s libs  "SHELL=/bin/sh" "COMPILER=aarch64-none-elf-gcc" "ARCHIVER=aarch64-none-elf-ar" "COMPILER_FLAGS=  -O2 -c" "EXTRA_COMPILER_FLAGS=-g -Wall -Wextra"
Compiling dpdma
Running Make libs in psu_cortexa53_0/libsrc/iicps_v3_8/src
make -C psu_cortexa53_0/libsrc/iicps_v3_8/src -s libs  "SHELL=/bin/sh" "COMPILER=aarch64-none-elf-gcc" "ARCHIVER=aarch64-none-elf-ar" "COMPILER_FLAGS=  -O2 -c" "EXTRA_COMPILER_FLAGS=-g -Wall -Wextra"
Compiling iicps
Running Make libs in psu_cortexa53_0/libsrc/canps_v3_2/src
make -C psu_cortexa53_0/libsrc/canps_v3_2/src -s libs  "SHELL=/bin/sh" "COMPILER=aarch64-none-elf-gcc" "ARCHIVER=aarch64-none-elf-ar" "COMPILER_FLAGS=  -O2 -c" "EXTRA_COMPILER_FLAGS=-g -Wall -Wextra"
Compiling canps
Running Make libs in psu_cortexa53_0/libsrc/scugic_v3_10/src
make -C psu_cortexa53_0/libsrc/scugic_v3_10/src -s libs  "SHELL=/bin/sh" "COMPILER=aarch64-none-elf-gcc" "ARCHIVER=aarch64-none-elf-ar" "COMPILER_FLAGS=  -O2 -c" "EXTRA_COMPILER_FLAGS=-g -Wall -Wextra"
Compiling scugic
Running Make libs in psu_cortexa53_0/libsrc/sysmonpsu_v2_5/src
make -C psu_cortexa53_0/libsrc/sysmonpsu_v2_5/src -s libs  "SHELL=/bin/sh" "COMPILER=aarch64-none-elf-gcc" "ARCHIVER=aarch64-none-elf-ar" "COMPILER_FLAGS=  -O2 -c" "EXTRA_COMPILER_FLAGS=-g -Wall -Wextra"
Compiling sysmonpsu
Running Make libs in psu_cortexa53_0/libsrc/ddrcpsu_v1_1/src
make -C psu_cortexa53_0/libsrc/ddrcpsu_v1_1/src -s libs  "SHELL=/bin/sh" "COMPILER=aarch64-none-elf-gcc" "ARCHIVER=aarch64-none-elf-ar" "COMPILER_FLAGS=  -O2 -c" "EXTRA_COMPILER_FLAGS=-g -Wall -Wextra"
Compiling ddrcpsu
Running Make libs in psu_cortexa53_0/libsrc/video_common_v4_5/src
make -C psu_cortexa53_0/libsrc/video_common_v4_5/src -s libs  "SHELL=/bin/sh" "COMPILER=aarch64-none-elf-gcc" "ARCHIVER=aarch64-none-elf-ar" "COMPILER_FLAGS=  -O2 -c" "EXTRA_COMPILER_FLAGS=-g -Wall -Wextra"
Compiling video_common
Running Make libs in psu_cortexa53_0/libsrc/dppsu_v1_1/src
make -C psu_cortexa53_0/libsrc/dppsu_v1_1/src -s libs  "SHELL=/bin/sh" "COMPILER=aarch64-none-elf-gcc" "ARCHIVER=aarch64-none-elf-ar" "COMPILER_FLAGS=  -O2 -c" "EXTRA_COMPILER_FLAGS=-g -Wall -Wextra"
Compiling dppsu
xdppsu.c: In function 'XDpPsu_CheckClockRecovery':
xdppsu.c:489:6: warning: this statement may fall through [-Wimplicit-fallthrough=]
   if (!(LaneStatus[0] &
      ^
xdppsu.c:494:2: note: here
  case XDPPSU_LANE_COUNT_SET_1:
  ^~~~
xdppsu.c:495:6: warning: this statement may fall through [-Wimplicit-fallthrough=]
   if (!(LaneStatus[0] &
      ^
xdppsu.c:499:2: note: here
  default:
  ^~~~~~~
xdppsu.c: In function 'XDpPsu_CheckChannelEqualization':
xdppsu.c:533:6: warning: this statement may fall through [-Wimplicit-fallthrough=]
   if (!(LaneStatus[0] &
      ^
xdppsu.c:538:2: note: here
  case XDPPSU_LANE_COUNT_SET_1:
  ^~~~
xdppsu.c:551:6: warning: this statement may fall through [-Wimplicit-fallthrough=]
   if (!(LaneStatus[0] &
      ^
xdppsu.c:556:2: note: here
  case XDPPSU_LANE_COUNT_SET_1:
  ^~~~
Running Make libs in psu_cortexa53_0/libsrc/gpiops_v3_4/src
make -C psu_cortexa53_0/libsrc/gpiops_v3_4/src -s libs  "SHELL=/bin/sh" "COMPILER=aarch64-none-elf-gcc" "ARCHIVER=aarch64-none-elf-ar" "COMPILER_FLAGS=  -O2 -c" "EXTRA_COMPILER_FLAGS=-g -Wall -Wextra"
Compiling gpiops
Running Make libs in psu_cortexa53_0/libsrc/cpu_cortexa53_v1_5/src
make -C psu_cortexa53_0/libsrc/cpu_cortexa53_v1_5/src -s libs  "SHELL=/bin/sh" "COMPILER=aarch64-none-elf-gcc" "ARCHIVER=aarch64-none-elf-ar" "COMPILER_FLAGS=  -O2 -c" "EXTRA_COMPILER_FLAGS=-g -Wall -Wextra"
Compiling cpu_cortexa53
Running Make libs in psu_cortexa53_0/libsrc/standalone_v7_1/src
make -C psu_cortexa53_0/libsrc/standalone_v7_1/src -s libs  "SHELL=/bin/sh" "COMPILER=aarch64-none-elf-gcc" "ARCHIVER=aarch64-none-elf-ar" "COMPILER_FLAGS=  -O2 -c" "EXTRA_COMPILER_FLAGS=-g -Wall -Wextra"
Compiling standalone ARMv8 64 bit
In file included from xtime_l.c:50:0:
xtime_l.h:85:9: note: #pragma message: For the sleep routines, Global timer is being used
 #pragma message ("For the sleep routines, Global timer is being used")
         ^~~~~~~
In file included from sleep.c:57:0:
xtime_l.h:85:9: note: #pragma message: For the sleep routines, Global timer is being used
 #pragma message ("For the sleep routines, Global timer is being used")
         ^~~~~~~
In file included from xil_sleeptimer.c:52:0:
xtime_l.h:85:9: note: #pragma message: For the sleep routines, Global timer is being used
 #pragma message ("For the sleep routines, Global timer is being used")
         ^~~~~~~
Running Make libs in psu_cortexa53_0/libsrc/uartps_v3_7/src
make -C psu_cortexa53_0/libsrc/uartps_v3_7/src -s libs  "SHELL=/bin/sh" "COMPILER=aarch64-none-elf-gcc" "ARCHIVER=aarch64-none-elf-ar" "COMPILER_FLAGS=  -O2 -c" "EXTRA_COMPILER_FLAGS=-g -Wall -Wextra"
Compiling uartps
Running Make libs in psu_cortexa53_0/libsrc/qspipsu_v1_8/src
make -C psu_cortexa53_0/libsrc/qspipsu_v1_8/src -s libs  "SHELL=/bin/sh" "COMPILER=aarch64-none-elf-gcc" "ARCHIVER=aarch64-none-elf-ar" "COMPILER_FLAGS=  -O2 -c" "EXTRA_COMPILER_FLAGS=-g -Wall -Wextra"
Compiling qspipsu
Running Make libs in psu_cortexa53_0/libsrc/rtcpsu_v1_6/src
make -C psu_cortexa53_0/libsrc/rtcpsu_v1_6/src -s libs  "SHELL=/bin/sh" "COMPILER=aarch64-none-elf-gcc" "ARCHIVER=aarch64-none-elf-ar" "COMPILER_FLAGS=  -O2 -c" "EXTRA_COMPILER_FLAGS=-g -Wall -Wextra"
Compiling rtcpsu
Running Make libs in psu_cortexa53_0/libsrc/pciepsu_v1_0/src
make -C psu_cortexa53_0/libsrc/pciepsu_v1_0/src -s libs  "SHELL=/bin/sh" "COMPILER=aarch64-none-elf-gcc" "ARCHIVER=aarch64-none-elf-ar" "COMPILER_FLAGS=  -O2 -c" "EXTRA_COMPILER_FLAGS=-g -Wall -Wextra"
Compiling pciepsu
Running Make libs in psu_cortexa53_0/libsrc/clockps_v1_0/src
make -C psu_cortexa53_0/libsrc/clockps_v1_0/src -s libs  "SHELL=/bin/sh" "COMPILER=aarch64-none-elf-gcc" "ARCHIVER=aarch64-none-elf-ar" "COMPILER_FLAGS=  -O2 -c" "EXTRA_COMPILER_FLAGS=-g -Wall -Wextra"
Compiling clockps
Running Make libs in psu_cortexa53_0/libsrc/zdma_v1_6/src
make -C psu_cortexa53_0/libsrc/zdma_v1_6/src -s libs  "SHELL=/bin/sh" "COMPILER=aarch64-none-elf-gcc" "ARCHIVER=aarch64-none-elf-ar" "COMPILER_FLAGS=  -O2 -c" "EXTRA_COMPILER_FLAGS=-g -Wall -Wextra"
Compiling zdma
Running Make libs in psu_cortexa53_0/libsrc/coresightps_dcc_v1_4/src
make -C psu_cortexa53_0/libsrc/coresightps_dcc_v1_4/src -s libs  "SHELL=/bin/sh" "COMPILER=aarch64-none-elf-gcc" "ARCHIVER=aarch64-none-elf-ar" "COMPILER_FLAGS=  -O2 -c" "EXTRA_COMPILER_FLAGS=-g -Wall -Wextra"
Compiling coresightps_dcc
Running Make libs in psu_cortexa53_0/libsrc/usbpsu_v1_4/src
make -C psu_cortexa53_0/libsrc/usbpsu_v1_4/src -s libs  "SHELL=/bin/sh" "COMPILER=aarch64-none-elf-gcc" "ARCHIVER=aarch64-none-elf-ar" "COMPILER_FLAGS=  -O2 -c" "EXTRA_COMPILER_FLAGS=-g -Wall -Wextra"
Compiling usbpsu
Running Make libs in psu_cortexa53_0/libsrc/wdtps_v3_1/src
make -C psu_cortexa53_0/libsrc/wdtps_v3_1/src -s libs  "SHELL=/bin/sh" "COMPILER=aarch64-none-elf-gcc" "ARCHIVER=aarch64-none-elf-ar" "COMPILER_FLAGS=  -O2 -c" "EXTRA_COMPILER_FLAGS=-g -Wall -Wextra"
Compiling wdtps
Finished building libraries

**** Build of configuration Debug for project pr_flow ****

Nothing to build for project pr_flow
14:14:54 **** Auto Build of configuration Debug for project pr_flow ****
make all 
Building file: ../src/config.cc
Invoking: ARM v8 g++ compiler
aarch64-none-elf-g++ -Wall -O0 -g3 -c -fmessage-length=0 -MT"src/config.o" -I../../pr_flow_bsp/psu_cortexa53_0/include -MMD -MP -MF"src/config.d" -MT"src/config.o" -o "src/config.o" "../src/config.cc"
../src/config.cc: In function 'void read_from_fifo(int*)':
../src/config.cc:27:8: warning: variable 'rev_0' set but not used [-Wunused-but-set-variable]
    int rev_0, rev_1;
        ^~~~~
../src/config.cc:27:15: warning: variable 'rev_1' set but not used [-Wunused-but-set-variable]
    int rev_0, rev_1;
               ^~~~~
Finished building: ../src/config.cc
 
Building file: ../src/host.cc
Invoking: ARM v8 g++ compiler
aarch64-none-elf-g++ -Wall -O0 -g3 -c -fmessage-length=0 -MT"src/host.o" -I../../pr_flow_bsp/psu_cortexa53_0/include -MMD -MP -MF"src/host.d" -MT"src/host.o" -o "src/host.o" "../src/host.cc"
In file included from ../src/host.cc:13:0:
../src/typedefs.h:37:2: warning: #warning CHECK FOR THE VALID DDR ADDRESS IN XPARAMETERS.H, DEFAULT SET TO 0x01000000 [-Wcpp]
 #warning CHECK FOR THE VALID DDR ADDRESS IN XPARAMETERS.H, \
  ^~~~~~~
../src/host.cc: In function 'int main()':
../src/host.cc:22:22: warning: unused variable 'data2' [-Wunused-variable]
  unsigned int data1, data2;
                      ^~~~~
Finished building: ../src/host.cc
 
Building file: ../src/stream.cc
Invoking: ARM v8 g++ compiler
aarch64-none-elf-g++ -Wall -O0 -g3 -c -fmessage-length=0 -MT"src/stream.o" -I../../pr_flow_bsp/psu_cortexa53_0/include -MMD -MP -MF"src/stream.d" -MT"src/stream.o" -o "src/stream.o" "../src/stream.cc"
Finished building: ../src/stream.cc
 
Building target: pr_flow.elf
Invoking: ARM v8 g++ linker
aarch64-none-elf-g++ -Wl,-T -Wl,../src/lscript.ld -L../../pr_flow_bsp/psu_cortexa53_0/lib -o "pr_flow.elf"  ./src/config.o ./src/host.o ./src/stream.o   -Wl,--start-group,-lxil,-lgcc,-lc,-lstdc++,--end-group
Finished building target: pr_flow.elf
 
Invoking: ARM v8 Print Size
aarch64-none-elf-size pr_flow.elf  |tee "pr_flow.elf.size"
   text	   data	    bss	    dec	    hex	filename
  79632	   4608	  20784	 105024	  19a40	pr_flow.elf
Finished building: pr_flow.elf.size
 
14:14:56 **** Auto Build of configuration Debug for project pr_flow ****
make all 
make: Nothing to be done for 'all'.
14:15:07 **** Auto Build of configuration Debug for project pr_flow ****
make all 
Building file: ../src/host.cc
Invoking: ARM v8 g++ compiler
aarch64-none-elf-g++ -Wall -O0 -g3 -c -fmessage-length=0 -MT"src/host.o" -I../../pr_flow_bsp/psu_cortexa53_0/include -MMD -MP -MF"src/host.d" -MT"src/host.o" -o "src/host.o" "../src/host.cc"
In file included from ../src/host.cc:13:0:
../src/typedefs.h:37:2: warning: #warning CHECK FOR THE VALID DDR ADDRESS IN XPARAMETERS.H, DEFAULT SET TO 0x01000000 [-Wcpp]
 #warning CHECK FOR THE VALID DDR ADDRESS IN XPARAMETERS.H, \
  ^~~~~~~
../src/host.cc: In function 'int main()':
../src/host.cc:21:22: warning: unused variable 'data2' [-Wunused-variable]
  unsigned int data1, data2;
                      ^~~~~
Finished building: ../src/host.cc
 
Building target: pr_flow.elf
Invoking: ARM v8 g++ linker
aarch64-none-elf-g++ -Wl,-T -Wl,../src/lscript.ld -L../../pr_flow_bsp/psu_cortexa53_0/lib -o "pr_flow.elf"  ./src/config.o ./src/host.o ./src/stream.o   -Wl,--start-group,-lxil,-lgcc,-lc,-lstdc++,--end-group
Finished building target: pr_flow.elf
 
Invoking: ARM v8 Print Size
aarch64-none-elf-size pr_flow.elf  |tee "pr_flow.elf.size"
   text	   data	    bss	    dec	    hex	filename
  79632	   4608	  20784	 105024	  19a40	pr_flow.elf
Finished building: pr_flow.elf.size
 
