11:46:42 **** Build of project add_demo_bsp ****
make -k all 
Running Make include in psu_cortexa53_0/libsrc/sdps_v3_6/src
make -C psu_cortexa53_0/libsrc/sdps_v3_6/src -s include  "SHELL=/bin/sh" "COMPILER=aarch64-none-elf-gcc" "ARCHIVER=aarch64-none-elf-ar" "COMPILER_FLAGS=  -O2 -c" "EXTRA_COMPILER_FLAGS=-g -Wall -Wextra"
Running Make include in psu_cortexa53_0/libsrc/csudma_v1_3/src
make -C psu_cortexa53_0/libsrc/csudma_v1_3/src -s include  "SHELL=/bin/sh" "COMPILER=aarch64-none-elf-gcc" "ARCHIVER=aarch64-none-elf-ar" "COMPILER_FLAGS=  -O2 -c" "EXTRA_COMPILER_FLAGS=-g -Wall -Wextra"
Running Make include in psu_cortexa53_0/libsrc/ipipsu_v2_4/src
make -C psu_cortexa53_0/libsrc/ipipsu_v2_4/src -s include  "SHELL=/bin/sh" "COMPILER=aarch64-none-elf-gcc" "ARCHIVER=aarch64-none-elf-ar" "COMPILER_FLAGS=  -O2 -c" "EXTRA_COMPILER_FLAGS=-g -Wall -Wextra"
Running Make include in psu_cortexa53_0/libsrc/dppsu_v1_1/src
make -C psu_cortexa53_0/libsrc/dppsu_v1_1/src -s include  "SHELL=/bin/sh" "COMPILER=aarch64-none-elf-gcc" "ARCHIVER=aarch64-none-elf-ar" "COMPILER_FLAGS=  -O2 -c" "EXTRA_COMPILER_FLAGS=-g -Wall -Wextra"
Running Make include in psu_cortexa53_0/libsrc/ttcps_v3_7/src
make -C psu_cortexa53_0/libsrc/ttcps_v3_7/src -s include  "SHELL=/bin/sh" "COMPILER=aarch64-none-elf-gcc" "ARCHIVER=aarch64-none-elf-ar" "COMPILER_FLAGS=  -O2 -c" "EXTRA_COMPILER_FLAGS=-g -Wall -Wextra"
Running Make include in psu_cortexa53_0/libsrc/resetps_v1_2/src
make -C psu_cortexa53_0/libsrc/resetps_v1_2/src -s include  "SHELL=/bin/sh" "COMPILER=aarch64-none-elf-gcc" "ARCHIVER=aarch64-none-elf-ar" "COMPILER_FLAGS=  -O2 -c" "EXTRA_COMPILER_FLAGS=-g -Wall -Wextra"
Running Make include in psu_cortexa53_0/libsrc/axipmon_v6_7/src
make -C psu_cortexa53_0/libsrc/axipmon_v6_7/src -s include  "SHELL=/bin/sh" "COMPILER=aarch64-none-elf-gcc" "ARCHIVER=aarch64-none-elf-ar" "COMPILER_FLAGS=  -O2 -c" "EXTRA_COMPILER_FLAGS=-g -Wall -Wextra"
Running Make include in psu_cortexa53_0/libsrc/avbuf_v2_2/src
make -C psu_cortexa53_0/libsrc/avbuf_v2_2/src -s include  "SHELL=/bin/sh" "COMPILER=aarch64-none-elf-gcc" "ARCHIVER=aarch64-none-elf-ar" "COMPILER_FLAGS=  -O2 -c" "EXTRA_COMPILER_FLAGS=-g -Wall -Wextra"
Running Make include in psu_cortexa53_0/libsrc/dpdma_v1_1/src
make -C psu_cortexa53_0/libsrc/dpdma_v1_1/src -s include  "SHELL=/bin/sh" "COMPILER=aarch64-none-elf-gcc" "ARCHIVER=aarch64-none-elf-ar" "COMPILER_FLAGS=  -O2 -c" "EXTRA_COMPILER_FLAGS=-g -Wall -Wextra"
Running Make include in psu_cortexa53_0/libsrc/iicps_v3_8/src
make -C psu_cortexa53_0/libsrc/iicps_v3_8/src -s include  "SHELL=/bin/sh" "COMPILER=aarch64-none-elf-gcc" "ARCHIVER=aarch64-none-elf-ar" "COMPILER_FLAGS=  -O2 -c" "EXTRA_COMPILER_FLAGS=-g -Wall -Wextra"
Running Make include in psu_cortexa53_0/libsrc/scugic_v3_10/src
make -C psu_cortexa53_0/libsrc/scugic_v3_10/src -s include  "SHELL=/bin/sh" "COMPILER=aarch64-none-elf-gcc" "ARCHIVER=aarch64-none-elf-ar" "COMPILER_FLAGS=  -O2 -c" "EXTRA_COMPILER_FLAGS=-g -Wall -Wextra"
Running Make include in psu_cortexa53_0/libsrc/sysmonpsu_v2_5/src
make -C psu_cortexa53_0/libsrc/sysmonpsu_v2_5/src -s include  "SHELL=/bin/sh" "COMPILER=aarch64-none-elf-gcc" "ARCHIVER=aarch64-none-elf-ar" "COMPILER_FLAGS=  -O2 -c" "EXTRA_COMPILER_FLAGS=-g -Wall -Wextra"
Running Make include in psu_cortexa53_0/libsrc/ddrcpsu_v1_1/src
make -C psu_cortexa53_0/libsrc/ddrcpsu_v1_1/src -s include  "SHELL=/bin/sh" "COMPILER=aarch64-none-elf-gcc" "ARCHIVER=aarch64-none-elf-ar" "COMPILER_FLAGS=  -O2 -c" "EXTRA_COMPILER_FLAGS=-g -Wall -Wextra"
Running Make include in psu_cortexa53_0/libsrc/video_common_v4_5/src
make -C psu_cortexa53_0/libsrc/video_common_v4_5/src -s include  "SHELL=/bin/sh" "COMPILER=aarch64-none-elf-gcc" "ARCHIVER=aarch64-none-elf-ar" "COMPILER_FLAGS=  -O2 -c" "EXTRA_COMPILER_FLAGS=-g -Wall -Wextra"
Running Make include in psu_cortexa53_0/libsrc/spips_v3_1/src
make -C psu_cortexa53_0/libsrc/spips_v3_1/src -s include  "SHELL=/bin/sh" "COMPILER=aarch64-none-elf-gcc" "ARCHIVER=aarch64-none-elf-ar" "COMPILER_FLAGS=  -O2 -c" "EXTRA_COMPILER_FLAGS=-g -Wall -Wextra"
Running Make include in psu_cortexa53_0/libsrc/gpiops_v3_4/src
make -C psu_cortexa53_0/libsrc/gpiops_v3_4/src -s include  "SHELL=/bin/sh" "COMPILER=aarch64-none-elf-gcc" "ARCHIVER=aarch64-none-elf-ar" "COMPILER_FLAGS=  -O2 -c" "EXTRA_COMPILER_FLAGS=-g -Wall -Wextra"
Running Make include in psu_cortexa53_0/libsrc/cpu_cortexa53_v1_5/src
make -C psu_cortexa53_0/libsrc/cpu_cortexa53_v1_5/src -s include  "SHELL=/bin/sh" "COMPILER=aarch64-none-elf-gcc" "ARCHIVER=aarch64-none-elf-ar" "COMPILER_FLAGS=  -O2 -c" "EXTRA_COMPILER_FLAGS=-g -Wall -Wextra"
Running Make include in psu_cortexa53_0/libsrc/standalone_v7_1/src
make -C psu_cortexa53_0/libsrc/standalone_v7_1/src -s include  "SHELL=/bin/sh" "COMPILER=aarch64-none-elf-gcc" "ARCHIVER=aarch64-none-elf-ar" "COMPILER_FLAGS=  -O2 -c" "EXTRA_COMPILER_FLAGS=-g -Wall -Wextra"
Running Make include in psu_cortexa53_0/libsrc/uartps_v3_7/src
make -C psu_cortexa53_0/libsrc/uartps_v3_7/src -s include  "SHELL=/bin/sh" "COMPILER=aarch64-none-elf-gcc" "ARCHIVER=aarch64-none-elf-ar" "COMPILER_FLAGS=  -O2 -c" "EXTRA_COMPILER_FLAGS=-g -Wall -Wextra"
Running Make include in psu_cortexa53_0/libsrc/rtcpsu_v1_6/src
make -C psu_cortexa53_0/libsrc/rtcpsu_v1_6/src -s include  "SHELL=/bin/sh" "COMPILER=aarch64-none-elf-gcc" "ARCHIVER=aarch64-none-elf-ar" "COMPILER_FLAGS=  -O2 -c" "EXTRA_COMPILER_FLAGS=-g -Wall -Wextra"
Running Make include in psu_cortexa53_0/libsrc/clockps_v1_0/src
make -C psu_cortexa53_0/libsrc/clockps_v1_0/src -s include  "SHELL=/bin/sh" "COMPILER=aarch64-none-elf-gcc" "ARCHIVER=aarch64-none-elf-ar" "COMPILER_FLAGS=  -O2 -c" "EXTRA_COMPILER_FLAGS=-g -Wall -Wextra"
Running Make include in psu_cortexa53_0/libsrc/zdma_v1_6/src
make -C psu_cortexa53_0/libsrc/zdma_v1_6/src -s include  "SHELL=/bin/sh" "COMPILER=aarch64-none-elf-gcc" "ARCHIVER=aarch64-none-elf-ar" "COMPILER_FLAGS=  -O2 -c" "EXTRA_COMPILER_FLAGS=-g -Wall -Wextra"
Running Make include in psu_cortexa53_0/libsrc/coresightps_dcc_v1_4/src
make -C psu_cortexa53_0/libsrc/coresightps_dcc_v1_4/src -s include  "SHELL=/bin/sh" "COMPILER=aarch64-none-elf-gcc" "ARCHIVER=aarch64-none-elf-ar" "COMPILER_FLAGS=  -O2 -c" "EXTRA_COMPILER_FLAGS=-g -Wall -Wextra"
Running Make include in psu_cortexa53_0/libsrc/usbpsu_v1_4/src
make -C psu_cortexa53_0/libsrc/usbpsu_v1_4/src -s include  "SHELL=/bin/sh" "COMPILER=aarch64-none-elf-gcc" "ARCHIVER=aarch64-none-elf-ar" "COMPILER_FLAGS=  -O2 -c" "EXTRA_COMPILER_FLAGS=-g -Wall -Wextra"
Running Make include in psu_cortexa53_0/libsrc/wdtps_v3_1/src
make -C psu_cortexa53_0/libsrc/wdtps_v3_1/src -s include  "SHELL=/bin/sh" "COMPILER=aarch64-none-elf-gcc" "ARCHIVER=aarch64-none-elf-ar" "COMPILER_FLAGS=  -O2 -c" "EXTRA_COMPILER_FLAGS=-g -Wall -Wextra"
Running Make libs in psu_cortexa53_0/libsrc/sdps_v3_6/src
make -C psu_cortexa53_0/libsrc/sdps_v3_6/src -s libs  "SHELL=/bin/sh" "COMPILER=aarch64-none-elf-gcc" "ARCHIVER=aarch64-none-elf-ar" "COMPILER_FLAGS=  -O2 -c" "EXTRA_COMPILER_FLAGS=-g -Wall -Wextra"
Compiling sdps
aarch64-none-elf-ar: creating ../../../lib/libxil.a
Running Make libs in psu_cortexa53_0/libsrc/csudma_v1_3/src
make -C psu_cortexa53_0/libsrc/csudma_v1_3/src -s libs  "SHELL=/bin/sh" "COMPILER=aarch64-none-elf-gcc" "ARCHIVER=aarch64-none-elf-ar" "COMPILER_FLAGS=  -O2 -c" "EXTRA_COMPILER_FLAGS=-g -Wall -Wextra"
Compiling csudma
Running Make libs in psu_cortexa53_0/libsrc/ipipsu_v2_4/src
make -C psu_cortexa53_0/libsrc/ipipsu_v2_4/src -s libs  "SHELL=/bin/sh" "COMPILER=aarch64-none-elf-gcc" "ARCHIVER=aarch64-none-elf-ar" "COMPILER_FLAGS=  -O2 -c" "EXTRA_COMPILER_FLAGS=-g -Wall -Wextra"
Compiling ipipsu
Running Make libs in psu_cortexa53_0/libsrc/dppsu_v1_1/src
make -C psu_cortexa53_0/libsrc/dppsu_v1_1/src -s libs  "SHELL=/bin/sh" "COMPILER=aarch64-none-elf-gcc" "ARCHIVER=aarch64-none-elf-ar" "COMPILER_FLAGS=  -O2 -c" "EXTRA_COMPILER_FLAGS=-g -Wall -Wextra"
Compiling dppsu
xdppsu.c: In function 'XDpPsu_CheckClockRecovery':
xdppsu.c:489:6: warning: this statement may fall through [-Wimplicit-fallthrough=]
   if (!(LaneStatus[0] &
      ^
xdppsu.c:494:2: note: here
  case XDPPSU_LANE_COUNT_SET_1:
  ^~~~
xdppsu.c:495:6: warning: this statement may fall through [-Wimplicit-fallthrough=]
   if (!(LaneStatus[0] &
      ^
xdppsu.c:499:2: note: here
  default:
  ^~~~~~~
xdppsu.c: In function 'XDpPsu_CheckChannelEqualization':
xdppsu.c:533:6: warning: this statement may fall through [-Wimplicit-fallthrough=]
   if (!(LaneStatus[0] &
      ^
xdppsu.c:538:2: note: here
  case XDPPSU_LANE_COUNT_SET_1:
  ^~~~
xdppsu.c:551:6: warning: this statement may fall through [-Wimplicit-fallthrough=]
   if (!(LaneStatus[0] &
      ^
xdppsu.c:556:2: note: here
  case XDPPSU_LANE_COUNT_SET_1:
  ^~~~
Running Make libs in psu_cortexa53_0/libsrc/ttcps_v3_7/src
make -C psu_cortexa53_0/libsrc/ttcps_v3_7/src -s libs  "SHELL=/bin/sh" "COMPILER=aarch64-none-elf-gcc" "ARCHIVER=aarch64-none-elf-ar" "COMPILER_FLAGS=  -O2 -c" "EXTRA_COMPILER_FLAGS=-g -Wall -Wextra"
Compiling ttcps
Running Make libs in psu_cortexa53_0/libsrc/resetps_v1_2/src
make -C psu_cortexa53_0/libsrc/resetps_v1_2/src -s libs  "SHELL=/bin/sh" "COMPILER=aarch64-none-elf-gcc" "ARCHIVER=aarch64-none-elf-ar" "COMPILER_FLAGS=  -O2 -c" "EXTRA_COMPILER_FLAGS=-g -Wall -Wextra"
Compiling resetps
Running Make libs in psu_cortexa53_0/libsrc/axipmon_v6_7/src
make -C psu_cortexa53_0/libsrc/axipmon_v6_7/src -s libs  "SHELL=/bin/sh" "COMPILER=aarch64-none-elf-gcc" "ARCHIVER=aarch64-none-elf-ar" "COMPILER_FLAGS=  -O2 -c" "EXTRA_COMPILER_FLAGS=-g -Wall -Wextra"
Compiling axipmon
Running Make libs in psu_cortexa53_0/libsrc/avbuf_v2_2/src
make -C psu_cortexa53_0/libsrc/avbuf_v2_2/src -s libs  "SHELL=/bin/sh" "COMPILER=aarch64-none-elf-gcc" "ARCHIVER=aarch64-none-elf-ar" "COMPILER_FLAGS=  -O2 -c" "EXTRA_COMPILER_FLAGS=-g -Wall -Wextra"
Compiling avbuf
Running Make libs in psu_cortexa53_0/libsrc/dpdma_v1_1/src
make -C psu_cortexa53_0/libsrc/dpdma_v1_1/src -s libs  "SHELL=/bin/sh" "COMPILER=aarch64-none-elf-gcc" "ARCHIVER=aarch64-none-elf-ar" "COMPILER_FLAGS=  -O2 -c" "EXTRA_COMPILER_FLAGS=-g -Wall -Wextra"
Compiling dpdma
Running Make libs in psu_cortexa53_0/libsrc/iicps_v3_8/src
make -C psu_cortexa53_0/libsrc/iicps_v3_8/src -s libs  "SHELL=/bin/sh" "COMPILER=aarch64-none-elf-gcc" "ARCHIVER=aarch64-none-elf-ar" "COMPILER_FLAGS=  -O2 -c" "EXTRA_COMPILER_FLAGS=-g -Wall -Wextra"
Compiling iicps
Running Make libs in psu_cortexa53_0/libsrc/scugic_v3_10/src
make -C psu_cortexa53_0/libsrc/scugic_v3_10/src -s libs  "SHELL=/bin/sh" "COMPILER=aarch64-none-elf-gcc" "ARCHIVER=aarch64-none-elf-ar" "COMPILER_FLAGS=  -O2 -c" "EXTRA_COMPILER_FLAGS=-g -Wall -Wextra"
Compiling scugic
Running Make libs in psu_cortexa53_0/libsrc/sysmonpsu_v2_5/src
make -C psu_cortexa53_0/libsrc/sysmonpsu_v2_5/src -s libs  "SHELL=/bin/sh" "COMPILER=aarch64-none-elf-gcc" "ARCHIVER=aarch64-none-elf-ar" "COMPILER_FLAGS=  -O2 -c" "EXTRA_COMPILER_FLAGS=-g -Wall -Wextra"
Compiling sysmonpsu
Running Make libs in psu_cortexa53_0/libsrc/ddrcpsu_v1_1/src
make -C psu_cortexa53_0/libsrc/ddrcpsu_v1_1/src -s libs  "SHELL=/bin/sh" "COMPILER=aarch64-none-elf-gcc" "ARCHIVER=aarch64-none-elf-ar" "COMPILER_FLAGS=  -O2 -c" "EXTRA_COMPILER_FLAGS=-g -Wall -Wextra"
Compiling ddrcpsu
Running Make libs in psu_cortexa53_0/libsrc/video_common_v4_5/src
make -C psu_cortexa53_0/libsrc/video_common_v4_5/src -s libs  "SHELL=/bin/sh" "COMPILER=aarch64-none-elf-gcc" "ARCHIVER=aarch64-none-elf-ar" "COMPILER_FLAGS=  -O2 -c" "EXTRA_COMPILER_FLAGS=-g -Wall -Wextra"
Compiling video_common
Running Make libs in psu_cortexa53_0/libsrc/spips_v3_1/src
make -C psu_cortexa53_0/libsrc/spips_v3_1/src -s libs  "SHELL=/bin/sh" "COMPILER=aarch64-none-elf-gcc" "ARCHIVER=aarch64-none-elf-ar" "COMPILER_FLAGS=  -O2 -c" "EXTRA_COMPILER_FLAGS=-g -Wall -Wextra"
Compiling spips
Running Make libs in psu_cortexa53_0/libsrc/gpiops_v3_4/src
make -C psu_cortexa53_0/libsrc/gpiops_v3_4/src -s libs  "SHELL=/bin/sh" "COMPILER=aarch64-none-elf-gcc" "ARCHIVER=aarch64-none-elf-ar" "COMPILER_FLAGS=  -O2 -c" "EXTRA_COMPILER_FLAGS=-g -Wall -Wextra"
Compiling gpiops
Running Make libs in psu_cortexa53_0/libsrc/cpu_cortexa53_v1_5/src
make -C psu_cortexa53_0/libsrc/cpu_cortexa53_v1_5/src -s libs  "SHELL=/bin/sh" "COMPILER=aarch64-none-elf-gcc" "ARCHIVER=aarch64-none-elf-ar" "COMPILER_FLAGS=  -O2 -c" "EXTRA_COMPILER_FLAGS=-g -Wall -Wextra"
Compiling cpu_cortexa53
Running Make libs in psu_cortexa53_0/libsrc/standalone_v7_1/src
make -C psu_cortexa53_0/libsrc/standalone_v7_1/src -s libs  "SHELL=/bin/sh" "COMPILER=aarch64-none-elf-gcc" "ARCHIVER=aarch64-none-elf-ar" "COMPILER_FLAGS=  -O2 -c" "EXTRA_COMPILER_FLAGS=-g -Wall -Wextra"
Compiling standalone ARMv8 64 bit
In file included from xtime_l.c:50:0:
xtime_l.h:85:9: note: #pragma message: For the sleep routines, Global timer is being used
 #pragma message ("For the sleep routines, Global timer is being used")
         ^~~~~~~
In file included from sleep.c:57:0:
xtime_l.h:85:9: note: #pragma message: For the sleep routines, Global timer is being used
 #pragma message ("For the sleep routines, Global timer is being used")
         ^~~~~~~
In file included from xil_sleeptimer.c:52:0:
xtime_l.h:85:9: note: #pragma message: For the sleep routines, Global timer is being used
 #pragma message ("For the sleep routines, Global timer is being used")
         ^~~~~~~
translation_table.S:143:2: warning: #warning "There's no DDR_1 in the HW design. MMU translation table marks 32 GB DDR address space as undefined" [-Wcpp]
 #warning "There's no DDR_1 in the HW design. MMU translation table marks 32 GB DDR address space as undefined"
  ^~~~~~~
Running Make libs in psu_cortexa53_0/libsrc/uartps_v3_7/src
make -C psu_cortexa53_0/libsrc/uartps_v3_7/src -s libs  "SHELL=/bin/sh" "COMPILER=aarch64-none-elf-gcc" "ARCHIVER=aarch64-none-elf-ar" "COMPILER_FLAGS=  -O2 -c" "EXTRA_COMPILER_FLAGS=-g -Wall -Wextra"
Compiling uartps
Running Make libs in psu_cortexa53_0/libsrc/rtcpsu_v1_6/src
make -C psu_cortexa53_0/libsrc/rtcpsu_v1_6/src -s libs  "SHELL=/bin/sh" "COMPILER=aarch64-none-elf-gcc" "ARCHIVER=aarch64-none-elf-ar" "COMPILER_FLAGS=  -O2 -c" "EXTRA_COMPILER_FLAGS=-g -Wall -Wextra"
Compiling rtcpsu
Running Make libs in psu_cortexa53_0/libsrc/clockps_v1_0/src
make -C psu_cortexa53_0/libsrc/clockps_v1_0/src -s libs  "SHELL=/bin/sh" "COMPILER=aarch64-none-elf-gcc" "ARCHIVER=aarch64-none-elf-ar" "COMPILER_FLAGS=  -O2 -c" "EXTRA_COMPILER_FLAGS=-g -Wall -Wextra"
Compiling clockps
Running Make libs in psu_cortexa53_0/libsrc/zdma_v1_6/src
make -C psu_cortexa53_0/libsrc/zdma_v1_6/src -s libs  "SHELL=/bin/sh" "COMPILER=aarch64-none-elf-gcc" "ARCHIVER=aarch64-none-elf-ar" "COMPILER_FLAGS=  -O2 -c" "EXTRA_COMPILER_FLAGS=-g -Wall -Wextra"
Compiling zdma
Running Make libs in psu_cortexa53_0/libsrc/coresightps_dcc_v1_4/src
make -C psu_cortexa53_0/libsrc/coresightps_dcc_v1_4/src -s libs  "SHELL=/bin/sh" "COMPILER=aarch64-none-elf-gcc" "ARCHIVER=aarch64-none-elf-ar" "COMPILER_FLAGS=  -O2 -c" "EXTRA_COMPILER_FLAGS=-g -Wall -Wextra"
Compiling coresightps_dcc
Running Make libs in psu_cortexa53_0/libsrc/usbpsu_v1_4/src
make -C psu_cortexa53_0/libsrc/usbpsu_v1_4/src -s libs  "SHELL=/bin/sh" "COMPILER=aarch64-none-elf-gcc" "ARCHIVER=aarch64-none-elf-ar" "COMPILER_FLAGS=  -O2 -c" "EXTRA_COMPILER_FLAGS=-g -Wall -Wextra"
Compiling usbpsu
Running Make libs in psu_cortexa53_0/libsrc/wdtps_v3_1/src
make -C psu_cortexa53_0/libsrc/wdtps_v3_1/src -s libs  "SHELL=/bin/sh" "COMPILER=aarch64-none-elf-gcc" "ARCHIVER=aarch64-none-elf-ar" "COMPILER_FLAGS=  -O2 -c" "EXTRA_COMPILER_FLAGS=-g -Wall -Wextra"
Compiling wdtps
Finished building libraries
11:46:53 **** Build of configuration Debug for project add_demo ****
make all 
Building file: ../src/main.cc
Invoking: ARM v8 g++ compiler
aarch64-none-elf-g++ -Wall -O0 -g3 -c -fmessage-length=0 -MT"src/main.o" -I../../add_demo_bsp/psu_cortexa53_0/include -MMD -MP -MF"src/main.d" -MT"src/main.o" -o "src/main.o" "../src/main.cc"
Finished building: ../src/main.cc
 
Building target: add_demo.elf
Invoking: ARM v8 g++ linker
aarch64-none-elf-g++ -Wl,-T -Wl,../src/lscript.ld -L../../add_demo_bsp/psu_cortexa53_0/lib -o "add_demo.elf"  ./src/main.o   -Wl,--start-group,-lxil,-lgcc,-lc,-lstdc++,--end-group
Finished building target: add_demo.elf
 
Invoking: ARM v8 Print Size
aarch64-none-elf-size add_demo.elf  |tee "add_demo.elf.size"
   text	   data	    bss	    dec	    hex	filename
  30220	   2344	  20648	  53212	   cfdc	add_demo.elf
Finished building: add_demo.elf.size
 
11:47:36 **** Auto Build of configuration Debug for project add_demo ****
make all 
Building file: ../src/config.cc
Invoking: ARM v8 g++ compiler
aarch64-none-elf-g++ -Wall -O0 -g3 -c -fmessage-length=0 -MT"src/config.o" -I../../add_demo_bsp/psu_cortexa53_0/include -MMD -MP -MF"src/config.d" -MT"src/config.o" -o "src/config.o" "../src/config.cc"
../src/config.cc:1:10: fatal error: xaxidma.h: No such file or directory
 #include "xaxidma.h"
          ^~~~~~~~~~~
compilation terminated.
make: *** [src/config.o] Error 1
src/subdir.mk:30: recipe for target 'src/config.o' failed
11:47:46 **** Clean-only build of configuration Debug for project add_demo ****
make clean 
rm -rf  ./src/config.d ./src/host.d ./src/main.d ./src/stream.d  ./src/config.o ./src/host.o ./src/main.o ./src/stream.o  add_demo.elf.size  add_demo.elf
 
11:47:46 **** Auto Build of configuration Debug for project add_demo ****
make all 
Building file: ../src/config.cc
Invoking: ARM v8 g++ compiler
aarch64-none-elf-g++ -Wall -O0 -g3 -c -fmessage-length=0 -MT"src/config.o" -I../../add_demo_bsp/psu_cortexa53_0/include -MMD -MP -MF"src/config.d" -MT"src/config.o" -o "src/config.o" "../src/config.cc"
../src/config.cc:1:10: fatal error: xaxidma.h: No such file or directory
 #include "xaxidma.h"
          ^~~~~~~~~~~
compilation terminated.
src/subdir.mk:27: recipe for target 'src/config.o' failed
make: *** [src/config.o] Error 1
11:47:51 **** Auto Build of configuration Debug for project add_demo ****
make all 
Building file: ../src/config.cc
Invoking: ARM v8 g++ compiler
aarch64-none-elf-g++ -Wall -O0 -g3 -c -fmessage-length=0 -MT"src/config.o" -I../../add_demo_bsp/psu_cortexa53_0/include -MMD -MP -MF"src/config.d" -MT"src/config.o" -o "src/config.o" "../src/config.cc"
../src/config.cc: In function 'void read_from_fifo(int*)':
../src/config.cc:14:18: error: 'XPAR_AXI_LEAF_AXILITE2BFT_V2_0_0_BASEADDR' was not declared in this scope
 #define SLV_REG3 XPAR_AXI_LEAF_AXILITE2BFT_V2_0_0_BASEADDR+12
                  ^
../src/config.cc:14:18: note: in definition of macro 'SLV_REG3'
 #define SLV_REG3 XPAR_AXI_LEAF_AXILITE2BFT_V2_0_0_BASEADDR+12
                  ^~~~~~~~~~~~~~~~~~~~~~~~~~~~~~~~~~~~~~~~~
../src/config.cc:14:18: note: suggested alternative: 'XPAR_AXILITE2BFT_V2_0_0_BASEADDR'
 #define SLV_REG3 XPAR_AXI_LEAF_AXILITE2BFT_V2_0_0_BASEADDR+12
                  ^
../src/config.cc:14:18: note: in definition of macro 'SLV_REG3'
 #define SLV_REG3 XPAR_AXI_LEAF_AXILITE2BFT_V2_0_0_BASEADDR+12
                  ^~~~~~~~~~~~~~~~~~~~~~~~~~~~~~~~~~~~~~~~~
../src/config.cc:29:12: error: 'Xil_In32' was not declared in this scope
     while((Xil_In32(SLV_REG3)>>1)&&1);
            ^~~~~~~~
../src/config.cc:18:18: error: 'XPAR_AXI_LEAF_AXILITE2BFT_V2_0_0_BASEADDR' was not declared in this scope
 #define SLV_REG7 XPAR_AXI_LEAF_AXILITE2BFT_V2_0_0_BASEADDR+28
                  ^
../src/config.cc:18:18: note: in definition of macro 'SLV_REG7'
 #define SLV_REG7 XPAR_AXI_LEAF_AXILITE2BFT_V2_0_0_BASEADDR+28
                  ^~~~~~~~~~~~~~~~~~~~~~~~~~~~~~~~~~~~~~~~~
../src/config.cc:18:18: note: suggested alternative: 'XPAR_AXILITE2BFT_V2_0_0_BASEADDR'
 #define SLV_REG7 XPAR_AXI_LEAF_AXILITE2BFT_V2_0_0_BASEADDR+28
                  ^
../src/config.cc:18:18: note: in definition of macro 'SLV_REG7'
 #define SLV_REG7 XPAR_AXI_LEAF_AXILITE2BFT_V2_0_0_BASEADDR+28
                  ^~~~~~~~~~~~~~~~~~~~~~~~~~~~~~~~~~~~~~~~~
../src/config.cc:34:5: error: 'Xil_Out32' was not declared in this scope
     Xil_Out32(SLV_REG7, *ctrl_reg);
     ^~~~~~~~~
../src/config.cc:37:13: error: 'Xil_In32' was not declared in this scope
     rev_0 = Xil_In32(SLV_REG0);
             ^~~~~~~~
../src/config.cc: In function 'void write_to_fifo(int, int, int*)':
../src/config.cc:16:18: error: 'XPAR_AXI_LEAF_AXILITE2BFT_V2_0_0_BASEADDR' was not declared in this scope
 #define SLV_REG5 XPAR_AXI_LEAF_AXILITE2BFT_V2_0_0_BASEADDR+20
                  ^
../src/config.cc:16:18: note: in definition of macro 'SLV_REG5'
 #define SLV_REG5 XPAR_AXI_LEAF_AXILITE2BFT_V2_0_0_BASEADDR+20
                  ^~~~~~~~~~~~~~~~~~~~~~~~~~~~~~~~~~~~~~~~~
../src/config.cc:16:18: note: suggested alternative: 'XPAR_AXILITE2BFT_V2_0_0_BASEADDR'
 #define SLV_REG5 XPAR_AXI_LEAF_AXILITE2BFT_V2_0_0_BASEADDR+20
                  ^
../src/config.cc:16:18: note: in definition of macro 'SLV_REG5'
 #define SLV_REG5 XPAR_AXI_LEAF_AXILITE2BFT_V2_0_0_BASEADDR+20
                  ^~~~~~~~~~~~~~~~~~~~~~~~~~~~~~~~~~~~~~~~~
../src/config.cc:48:5: error: 'Xil_Out32' was not declared in this scope
     Xil_Out32(SLV_REG5, high_32_bits);
     ^~~~~~~~~
../src/config.cc: In function 'void init_regs()':
../src/config.cc:11:18: error: 'XPAR_AXI_LEAF_AXILITE2BFT_V2_0_0_BASEADDR' was not declared in this scope
 #define SLV_REG0 XPAR_AXI_LEAF_AXILITE2BFT_V2_0_0_BASEADDR+0
                  ^
../src/config.cc:11:18: note: in definition of macro 'SLV_REG0'
 #define SLV_REG0 XPAR_AXI_LEAF_AXILITE2BFT_V2_0_0_BASEADDR+0
                  ^~~~~~~~~~~~~~~~~~~~~~~~~~~~~~~~~~~~~~~~~
../src/config.cc:11:18: note: suggested alternative: 'XPAR_AXILITE2BFT_V2_0_0_BASEADDR'
 #define SLV_REG0 XPAR_AXI_LEAF_AXILITE2BFT_V2_0_0_BASEADDR+0
                  ^
../src/config.cc:11:18: note: in definition of macro 'SLV_REG0'
 #define SLV_REG0 XPAR_AXI_LEAF_AXILITE2BFT_V2_0_0_BASEADDR+0
                  ^~~~~~~~~~~~~~~~~~~~~~~~~~~~~~~~~~~~~~~~~
../src/config.cc:60:24: error: 'Xil_Out32' was not declared in this scope
   for (i=4; i<8; i++) {Xil_Out32(SLV_REG0+i*4, 0x00000000);}
                        ^~~~~~~~~
src/subdir.mk:27: recipe for target 'src/config.o' failed
make: *** [src/config.o] Error 1
11:48:16 **** Auto Build of configuration Debug for project add_demo ****
make all 
Building file: ../src/config.cc
Invoking: ARM v8 g++ compiler
aarch64-none-elf-g++ -Wall -O0 -g3 -c -fmessage-length=0 -MT"src/config.o" -I../../add_demo_bsp/psu_cortexa53_0/include -MMD -MP -MF"src/config.d" -MT"src/config.o" -o "src/config.o" "../src/config.cc"
../src/config.cc: In function 'void read_from_fifo(int*)':
../src/config.cc:29:12: error: 'Xil_In32' was not declared in this scope
     while((Xil_In32(SLV_REG3)>>1)&&1);
            ^~~~~~~~
../src/config.cc:34:5: error: 'Xil_Out32' was not declared in this scope
     Xil_Out32(SLV_REG7, *ctrl_reg);
     ^~~~~~~~~
../src/config.cc:37:13: error: 'Xil_In32' was not declared in this scope
     rev_0 = Xil_In32(SLV_REG0);
             ^~~~~~~~
../src/config.cc: In function 'void write_to_fifo(int, int, int*)':
../src/config.cc:48:5: error: 'Xil_Out32' was not declared in this scope
     Xil_Out32(SLV_REG5, high_32_bits);
     ^~~~~~~~~
../src/config.cc: In function 'void init_regs()':
../src/config.cc:60:24: error: 'Xil_Out32' was not declared in this scope
   for (i=4; i<8; i++) {Xil_Out32(SLV_REG0+i*4, 0x00000000);}
                        ^~~~~~~~~
src/subdir.mk:27: recipe for target 'src/config.o' failed
make: *** [src/config.o] Error 1
11:48:35 **** Auto Build of configuration Debug for project add_demo ****
make all 
Building file: ../src/config.cc
Invoking: ARM v8 g++ compiler
aarch64-none-elf-g++ -Wall -O0 -g3 -c -fmessage-length=0 -MT"src/config.o" -I../../add_demo_bsp/psu_cortexa53_0/include -MMD -MP -MF"src/config.d" -MT"src/config.o" -o "src/config.o" "../src/config.cc"
../src/config.cc: In function 'void read_from_fifo(int*)':
../src/config.cc:26:8: warning: variable 'rev_0' set but not used [-Wunused-but-set-variable]
    int rev_0, rev_1;
        ^~~~~
../src/config.cc:26:15: warning: variable 'rev_1' set but not used [-Wunused-but-set-variable]
    int rev_0, rev_1;
               ^~~~~
Finished building: ../src/config.cc
 
Building file: ../src/host.cc
Invoking: ARM v8 g++ compiler
aarch64-none-elf-g++ -Wall -O0 -g3 -c -fmessage-length=0 -MT"src/host.o" -I../../add_demo_bsp/psu_cortexa53_0/include -MMD -MP -MF"src/host.d" -MT"src/host.o" -o "src/host.o" "../src/host.cc"
In file included from ../src/host.cc:13:0:
../src/typedefs.h:38:2: warning: #warning CHECK FOR THE VALID DDR ADDRESS IN XPARAMETERS.H, DEFAULT SET TO 0x01000000 [-Wcpp]
 #warning CHECK FOR THE VALID DDR ADDRESS IN XPARAMETERS.H, \
  ^~~~~~~
In file included from ../src/host.cc:13:0:
../src/typedefs.h:10:1: error: expected declaration before '}' token
 }
 ^
src/subdir.mk:27: recipe for target 'src/host.o' failed
make: *** [src/host.o] Error 1
11:48:50 **** Auto Build of configuration Debug for project add_demo ****
make all 
Building file: ../src/host.cc
Invoking: ARM v8 g++ compiler
aarch64-none-elf-g++ -Wall -O0 -g3 -c -fmessage-length=0 -MT"src/host.o" -I../../add_demo_bsp/psu_cortexa53_0/include -MMD -MP -MF"src/host.d" -MT"src/host.o" -o "src/host.o" "../src/host.cc"
In file included from ../src/host.cc:13:0:
../src/typedefs.h:37:2: warning: #warning CHECK FOR THE VALID DDR ADDRESS IN XPARAMETERS.H, DEFAULT SET TO 0x01000000 [-Wcpp]
 #warning CHECK FOR THE VALID DDR ADDRESS IN XPARAMETERS.H, \
  ^~~~~~~
../src/host.cc: In function 'int main()':
../src/host.cc:18:18: error: 'XPAR_AXI_LEAF_AXILITE2BFT_V2_0_0_BASEADDR' was not declared in this scope
 #define SLV_REG6 XPAR_AXI_LEAF_AXILITE2BFT_V2_0_0_BASEADDR+24
                  ^
../src/host.cc:18:18: note: in definition of macro 'SLV_REG6'
 #define SLV_REG6 XPAR_AXI_LEAF_AXILITE2BFT_V2_0_0_BASEADDR+24
                  ^~~~~~~~~~~~~~~~~~~~~~~~~~~~~~~~~~~~~~~~~
../src/host.cc:18:18: note: suggested alternative: 'XPAR_AXILITE2BFT_V2_0_0_BASEADDR'
 #define SLV_REG6 XPAR_AXI_LEAF_AXILITE2BFT_V2_0_0_BASEADDR+24
                  ^
../src/host.cc:18:18: note: in definition of macro 'SLV_REG6'
 #define SLV_REG6 XPAR_AXI_LEAF_AXILITE2BFT_V2_0_0_BASEADDR+24
                  ^~~~~~~~~~~~~~~~~~~~~~~~~~~~~~~~~~~~~~~~~
../src/host.cc:22:22: warning: unused variable 'data2' [-Wunused-variable]
  unsigned int data1, data2;
                      ^~~~~
make: *** [src/host.o] Error 1
src/subdir.mk:27: recipe for target 'src/host.o' failed
11:48:58 **** Auto Build of configuration Debug for project add_demo ****
make all 
Building file: ../src/host.cc
Invoking: ARM v8 g++ compiler
aarch64-none-elf-g++ -Wall -O0 -g3 -c -fmessage-length=0 -MT"src/host.o" -I../../add_demo_bsp/psu_cortexa53_0/include -MMD -MP -MF"src/host.d" -MT"src/host.o" -o "src/host.o" "../src/host.cc"
In file included from ../src/host.cc:13:0:
../src/typedefs.h:37:2: warning: #warning CHECK FOR THE VALID DDR ADDRESS IN XPARAMETERS.H, DEFAULT SET TO 0x01000000 [-Wcpp]
 #warning CHECK FOR THE VALID DDR ADDRESS IN XPARAMETERS.H, \
  ^~~~~~~
../src/host.cc: In function 'int main()':
../src/host.cc:22:22: warning: unused variable 'data2' [-Wunused-variable]
  unsigned int data1, data2;
                      ^~~~~
Finished building: ../src/host.cc
 
Building file: ../src/stream.cc
Invoking: ARM v8 g++ compiler
aarch64-none-elf-g++ -Wall -O0 -g3 -c -fmessage-length=0 -MT"src/stream.o" -I../../add_demo_bsp/psu_cortexa53_0/include -MMD -MP -MF"src/stream.d" -MT"src/stream.o" -o "src/stream.o" "../src/stream.cc"
../src/stream.cc: In member function 'void stream_inst::ap_start()':
../src/stream.cc:12:18: error: 'XPAR_AXI_LEAF_AXI2STREAM_V1_0_0_BASEADDR' was not declared in this scope
 #define AXI_REG7 XPAR_AXI_LEAF_AXI2STREAM_V1_0_0_BASEADDR+28
                  ^
../src/stream.cc:12:18: note: in definition of macro 'AXI_REG7'
 #define AXI_REG7 XPAR_AXI_LEAF_AXI2STREAM_V1_0_0_BASEADDR+28
                  ^~~~~~~~~~~~~~~~~~~~~~~~~~~~~~~~~~~~~~~~
../src/stream.cc:12:18: note: suggested alternative: 'XPAR_AXILITE2BFT_V2_0_0_BASEADDR'
 #define AXI_REG7 XPAR_AXI_LEAF_AXI2STREAM_V1_0_0_BASEADDR+28
                  ^
../src/stream.cc:12:18: note: in definition of macro 'AXI_REG7'
 #define AXI_REG7 XPAR_AXI_LEAF_AXI2STREAM_V1_0_0_BASEADDR+28
                  ^~~~~~~~~~~~~~~~~~~~~~~~~~~~~~~~~~~~~~~~
../src/stream.cc: In member function 'void stream_inst::stream1_write(unsigned int)':
../src/stream.cc:5:18: error: 'XPAR_AXI_LEAF_AXI2STREAM_V1_0_0_BASEADDR' was not declared in this scope
 #define AXI_REG0 XPAR_AXI_LEAF_AXI2STREAM_V1_0_0_BASEADDR
                  ^
../src/stream.cc:5:18: note: in definition of macro 'AXI_REG0'
 #define AXI_REG0 XPAR_AXI_LEAF_AXI2STREAM_V1_0_0_BASEADDR
                  ^~~~~~~~~~~~~~~~~~~~~~~~~~~~~~~~~~~~~~~~
../src/stream.cc:5:18: note: suggested alternative: 'XPAR_AXILITE2BFT_V2_0_0_BASEADDR'
 #define AXI_REG0 XPAR_AXI_LEAF_AXI2STREAM_V1_0_0_BASEADDR
                  ^
../src/stream.cc:5:18: note: in definition of macro 'AXI_REG0'
 #define AXI_REG0 XPAR_AXI_LEAF_AXI2STREAM_V1_0_0_BASEADDR
                  ^~~~~~~~~~~~~~~~~~~~~~~~~~~~~~~~~~~~~~~~
../src/stream.cc: In member function 'void stream_inst::stream2_write(unsigned int)':
../src/stream.cc:6:18: error: 'XPAR_AXI_LEAF_AXI2STREAM_V1_0_0_BASEADDR' was not declared in this scope
 #define AXI_REG1 XPAR_AXI_LEAF_AXI2STREAM_V1_0_0_BASEADDR+4
                  ^
../src/stream.cc:6:18: note: in definition of macro 'AXI_REG1'
 #define AXI_REG1 XPAR_AXI_LEAF_AXI2STREAM_V1_0_0_BASEADDR+4
                  ^~~~~~~~~~~~~~~~~~~~~~~~~~~~~~~~~~~~~~~~
../src/stream.cc:6:18: note: suggested alternative: 'XPAR_AXILITE2BFT_V2_0_0_BASEADDR'
 #define AXI_REG1 XPAR_AXI_LEAF_AXI2STREAM_V1_0_0_BASEADDR+4
                  ^
../src/stream.cc:6:18: note: in definition of macro 'AXI_REG1'
 #define AXI_REG1 XPAR_AXI_LEAF_AXI2STREAM_V1_0_0_BASEADDR+4
                  ^~~~~~~~~~~~~~~~~~~~~~~~~~~~~~~~~~~~~~~~
../src/stream.cc: In member function 'void stream_inst::stream3_write(unsigned int)':
../src/stream.cc:7:18: error: 'XPAR_AXI_LEAF_AXI2STREAM_V1_0_0_BASEADDR' was not declared in this scope
 #define AXI_REG2 XPAR_AXI_LEAF_AXI2STREAM_V1_0_0_BASEADDR+8
                  ^
../src/stream.cc:7:18: note: in definition of macro 'AXI_REG2'
 #define AXI_REG2 XPAR_AXI_LEAF_AXI2STREAM_V1_0_0_BASEADDR+8
                  ^~~~~~~~~~~~~~~~~~~~~~~~~~~~~~~~~~~~~~~~
../src/stream.cc:7:18: note: suggested alternative: 'XPAR_AXILITE2BFT_V2_0_0_BASEADDR'
 #define AXI_REG2 XPAR_AXI_LEAF_AXI2STREAM_V1_0_0_BASEADDR+8
                  ^
../src/stream.cc:7:18: note: in definition of macro 'AXI_REG2'
 #define AXI_REG2 XPAR_AXI_LEAF_AXI2STREAM_V1_0_0_BASEADDR+8
                  ^~~~~~~~~~~~~~~~~~~~~~~~~~~~~~~~~~~~~~~~
../src/stream.cc: In member function 'void stream_inst::stream4_write(unsigned int)':
../src/stream.cc:8:18: error: 'XPAR_AXI_LEAF_AXI2STREAM_V1_0_0_BASEADDR' was not declared in this scope
 #define AXI_REG3 XPAR_AXI_LEAF_AXI2STREAM_V1_0_0_BASEADDR+12
                  ^
../src/stream.cc:8:18: note: in definition of macro 'AXI_REG3'
 #define AXI_REG3 XPAR_AXI_LEAF_AXI2STREAM_V1_0_0_BASEADDR+12
                  ^~~~~~~~~~~~~~~~~~~~~~~~~~~~~~~~~~~~~~~~
../src/stream.cc:8:18: note: suggested alternative: 'XPAR_AXILITE2BFT_V2_0_0_BASEADDR'
 #define AXI_REG3 XPAR_AXI_LEAF_AXI2STREAM_V1_0_0_BASEADDR+12
                  ^
../src/stream.cc:8:18: note: in definition of macro 'AXI_REG3'
 #define AXI_REG3 XPAR_AXI_LEAF_AXI2STREAM_V1_0_0_BASEADDR+12
                  ^~~~~~~~~~~~~~~~~~~~~~~~~~~~~~~~~~~~~~~~
../src/stream.cc: In member function 'void stream_inst::stream5_write(unsigned int)':
../src/stream.cc:9:18: error: 'XPAR_AXI_LEAF_AXI2STREAM_V1_0_0_BASEADDR' was not declared in this scope
 #define AXI_REG4 XPAR_AXI_LEAF_AXI2STREAM_V1_0_0_BASEADDR+16
                  ^
../src/stream.cc:9:18: note: in definition of macro 'AXI_REG4'
 #define AXI_REG4 XPAR_AXI_LEAF_AXI2STREAM_V1_0_0_BASEADDR+16
                  ^~~~~~~~~~~~~~~~~~~~~~~~~~~~~~~~~~~~~~~~
../src/stream.cc:9:18: note: suggested alternative: 'XPAR_AXILITE2BFT_V2_0_0_BASEADDR'
 #define AXI_REG4 XPAR_AXI_LEAF_AXI2STREAM_V1_0_0_BASEADDR+16
                  ^
../src/stream.cc:9:18: note: in definition of macro 'AXI_REG4'
 #define AXI_REG4 XPAR_AXI_LEAF_AXI2STREAM_V1_0_0_BASEADDR+16
                  ^~~~~~~~~~~~~~~~~~~~~~~~~~~~~~~~~~~~~~~~
../src/stream.cc: In member function 'void stream_inst::stream6_write(unsigned int)':
../src/stream.cc:10:18: error: 'XPAR_AXI_LEAF_AXI2STREAM_V1_0_0_BASEADDR' was not declared in this scope
 #define AXI_REG5 XPAR_AXI_LEAF_AXI2STREAM_V1_0_0_BASEADDR+20
                  ^
../src/stream.cc:10:18: note: in definition of macro 'AXI_REG5'
 #define AXI_REG5 XPAR_AXI_LEAF_AXI2STREAM_V1_0_0_BASEADDR+20
                  ^~~~~~~~~~~~~~~~~~~~~~~~~~~~~~~~~~~~~~~~
../src/stream.cc:10:18: note: suggested alternative: 'XPAR_AXILITE2BFT_V2_0_0_BASEADDR'
 #define AXI_REG5 XPAR_AXI_LEAF_AXI2STREAM_V1_0_0_BASEADDR+20
                  ^
../src/stream.cc:10:18: note: in definition of macro 'AXI_REG5'
 #define AXI_REG5 XPAR_AXI_LEAF_AXI2STREAM_V1_0_0_BASEADDR+20
                  ^~~~~~~~~~~~~~~~~~~~~~~~~~~~~~~~~~~~~~~~
../src/stream.cc: In member function 'void stream_inst::stream7_write(unsigned int)':
../src/stream.cc:11:18: error: 'XPAR_AXI_LEAF_AXI2STREAM_V1_0_0_BASEADDR' was not declared in this scope
 #define AXI_REG6 XPAR_AXI_LEAF_AXI2STREAM_V1_0_0_BASEADDR+24
                  ^
../src/stream.cc:11:18: note: in definition of macro 'AXI_REG6'
 #define AXI_REG6 XPAR_AXI_LEAF_AXI2STREAM_V1_0_0_BASEADDR+24
                  ^~~~~~~~~~~~~~~~~~~~~~~~~~~~~~~~~~~~~~~~
../src/stream.cc:11:18: note: suggested alternative: 'XPAR_AXILITE2BFT_V2_0_0_BASEADDR'
 #define AXI_REG6 XPAR_AXI_LEAF_AXI2STREAM_V1_0_0_BASEADDR+24
                  ^
../src/stream.cc:11:18: note: in definition of macro 'AXI_REG6'
 #define AXI_REG6 XPAR_AXI_LEAF_AXI2STREAM_V1_0_0_BASEADDR+24
                  ^~~~~~~~~~~~~~~~~~~~~~~~~~~~~~~~~~~~~~~~
../src/stream.cc: In member function 'unsigned int stream_inst::stream1_read(unsigned int*)':
../src/stream.cc:20:19: error: 'XPAR_AXI_LEAF_AXI2STREAM_V1_0_0_BASEADDR' was not declared in this scope
 #define AXI_REG15 XPAR_AXI_LEAF_AXI2STREAM_V1_0_0_BASEADDR+60
                   ^
../src/stream.cc:20:19: note: in definition of macro 'AXI_REG15'
 #define AXI_REG15 XPAR_AXI_LEAF_AXI2STREAM_V1_0_0_BASEADDR+60
                   ^~~~~~~~~~~~~~~~~~~~~~~~~~~~~~~~~~~~~~~~
../src/stream.cc:20:19: note: suggested alternative: 'XPAR_AXILITE2BFT_V2_0_0_BASEADDR'
 #define AXI_REG15 XPAR_AXI_LEAF_AXI2STREAM_V1_0_0_BASEADDR+60
                   ^
../src/stream.cc:20:19: note: in definition of macro 'AXI_REG15'
 #define AXI_REG15 XPAR_AXI_LEAF_AXI2STREAM_V1_0_0_BASEADDR+60
                   ^~~~~~~~~~~~~~~~~~~~~~~~~~~~~~~~~~~~~~~~
../src/stream.cc:12:18: error: 'XPAR_AXI_LEAF_AXI2STREAM_V1_0_0_BASEADDR' was not declared in this scope
 #define AXI_REG7 XPAR_AXI_LEAF_AXI2STREAM_V1_0_0_BASEADDR+28
                  ^
../src/stream.cc:12:18: note: in definition of macro 'AXI_REG7'
 #define AXI_REG7 XPAR_AXI_LEAF_AXI2STREAM_V1_0_0_BASEADDR+28
                  ^~~~~~~~~~~~~~~~~~~~~~~~~~~~~~~~~~~~~~~~
../src/stream.cc:12:18: note: suggested alternative: 'XPAR_AXILITE2BFT_V2_0_0_BASEADDR'
 #define AXI_REG7 XPAR_AXI_LEAF_AXI2STREAM_V1_0_0_BASEADDR+28
                  ^
../src/stream.cc:12:18: note: in definition of macro 'AXI_REG7'
 #define AXI_REG7 XPAR_AXI_LEAF_AXI2STREAM_V1_0_0_BASEADDR+28
                  ^~~~~~~~~~~~~~~~~~~~~~~~~~~~~~~~~~~~~~~~
../src/stream.cc: In member function 'unsigned int stream_inst::stream2_read(unsigned int*)':
../src/stream.cc:20:19: error: 'XPAR_AXI_LEAF_AXI2STREAM_V1_0_0_BASEADDR' was not declared in this scope
 #define AXI_REG15 XPAR_AXI_LEAF_AXI2STREAM_V1_0_0_BASEADDR+60
                   ^
../src/stream.cc:20:19: note: in definition of macro 'AXI_REG15'
 #define AXI_REG15 XPAR_AXI_LEAF_AXI2STREAM_V1_0_0_BASEADDR+60
                   ^~~~~~~~~~~~~~~~~~~~~~~~~~~~~~~~~~~~~~~~
../src/stream.cc:20:19: note: suggested alternative: 'XPAR_AXILITE2BFT_V2_0_0_BASEADDR'
 #define AXI_REG15 XPAR_AXI_LEAF_AXI2STREAM_V1_0_0_BASEADDR+60
                   ^
../src/stream.cc:20:19: note: in definition of macro 'AXI_REG15'
 #define AXI_REG15 XPAR_AXI_LEAF_AXI2STREAM_V1_0_0_BASEADDR+60
                   ^~~~~~~~~~~~~~~~~~~~~~~~~~~~~~~~~~~~~~~~
../src/stream.cc:12:18: error: 'XPAR_AXI_LEAF_AXI2STREAM_V1_0_0_BASEADDR' was not declared in this scope
 #define AXI_REG7 XPAR_AXI_LEAF_AXI2STREAM_V1_0_0_BASEADDR+28
                  ^
../src/stream.cc:12:18: note: in definition of macro 'AXI_REG7'
 #define AXI_REG7 XPAR_AXI_LEAF_AXI2STREAM_V1_0_0_BASEADDR+28
                  ^~~~~~~~~~~~~~~~~~~~~~~~~~~~~~~~~~~~~~~~
../src/stream.cc:12:18: note: suggested alternative: 'XPAR_AXILITE2BFT_V2_0_0_BASEADDR'
 #define AXI_REG7 XPAR_AXI_LEAF_AXI2STREAM_V1_0_0_BASEADDR+28
                  ^
../src/stream.cc:12:18: note: in definition of macro 'AXI_REG7'
 #define AXI_REG7 XPAR_AXI_LEAF_AXI2STREAM_V1_0_0_BASEADDR+28
                  ^~~~~~~~~~~~~~~~~~~~~~~~~~~~~~~~~~~~~~~~
../src/stream.cc: In member function 'unsigned int stream_inst::stream3_read(unsigned int*)':
../src/stream.cc:20:19: error: 'XPAR_AXI_LEAF_AXI2STREAM_V1_0_0_BASEADDR' was not declared in this scope
 #define AXI_REG15 XPAR_AXI_LEAF_AXI2STREAM_V1_0_0_BASEADDR+60
                   ^
../src/stream.cc:20:19: note: in definition of macro 'AXI_REG15'
 #define AXI_REG15 XPAR_AXI_LEAF_AXI2STREAM_V1_0_0_BASEADDR+60
                   ^~~~~~~~~~~~~~~~~~~~~~~~~~~~~~~~~~~~~~~~
../src/stream.cc:20:19: note: suggested alternative: 'XPAR_AXILITE2BFT_V2_0_0_BASEADDR'
 #define AXI_REG15 XPAR_AXI_LEAF_AXI2STREAM_V1_0_0_BASEADDR+60
                   ^
../src/stream.cc:20:19: note: in definition of macro 'AXI_REG15'
 #define AXI_REG15 XPAR_AXI_LEAF_AXI2STREAM_V1_0_0_BASEADDR+60
                   ^~~~~~~~~~~~~~~~~~~~~~~~~~~~~~~~~~~~~~~~
../src/stream.cc:12:18: error: 'XPAR_AXI_LEAF_AXI2STREAM_V1_0_0_BASEADDR' was not declared in this scope
 #define AXI_REG7 XPAR_AXI_LEAF_AXI2STREAM_V1_0_0_BASEADDR+28
                  ^
../src/stream.cc:12:18: note: in definition of macro 'AXI_REG7'
 #define AXI_REG7 XPAR_AXI_LEAF_AXI2STREAM_V1_0_0_BASEADDR+28
                  ^~~~~~~~~~~~~~~~~~~~~~~~~~~~~~~~~~~~~~~~
../src/stream.cc:12:18: note: suggested alternative: 'XPAR_AXILITE2BFT_V2_0_0_BASEADDR'
 #define AXI_REG7 XPAR_AXI_LEAF_AXI2STREAM_V1_0_0_BASEADDR+28
                  ^
../src/stream.cc:12:18: note: in definition of macro 'AXI_REG7'
 #define AXI_REG7 XPAR_AXI_LEAF_AXI2STREAM_V1_0_0_BASEADDR+28
                  ^~~~~~~~~~~~~~~~~~~~~~~~~~~~~~~~~~~~~~~~
../src/stream.cc: In member function 'unsigned int stream_inst::stream4_read(unsigned int*)':
../src/stream.cc:20:19: error: 'XPAR_AXI_LEAF_AXI2STREAM_V1_0_0_BASEADDR' was not declared in this scope
 #define AXI_REG15 XPAR_AXI_LEAF_AXI2STREAM_V1_0_0_BASEADDR+60
                   ^
../src/stream.cc:20:19: note: in definition of macro 'AXI_REG15'
 #define AXI_REG15 XPAR_AXI_LEAF_AXI2STREAM_V1_0_0_BASEADDR+60
                   ^~~~~~~~~~~~~~~~~~~~~~~~~~~~~~~~~~~~~~~~
../src/stream.cc:20:19: note: suggested alternative: 'XPAR_AXILITE2BFT_V2_0_0_BASEADDR'
 #define AXI_REG15 XPAR_AXI_LEAF_AXI2STREAM_V1_0_0_BASEADDR+60
                   ^
../src/stream.cc:20:19: note: in definition of macro 'AXI_REG15'
 #define AXI_REG15 XPAR_AXI_LEAF_AXI2STREAM_V1_0_0_BASEADDR+60
                   ^~~~~~~~~~~~~~~~~~~~~~~~~~~~~~~~~~~~~~~~
../src/stream.cc:12:18: error: 'XPAR_AXI_LEAF_AXI2STREAM_V1_0_0_BASEADDR' was not declared in this scope
 #define AXI_REG7 XPAR_AXI_LEAF_AXI2STREAM_V1_0_0_BASEADDR+28
                  ^
../src/stream.cc:12:18: note: in definition of macro 'AXI_REG7'
 #define AXI_REG7 XPAR_AXI_LEAF_AXI2STREAM_V1_0_0_BASEADDR+28
                  ^~~~~~~~~~~~~~~~~~~~~~~~~~~~~~~~~~~~~~~~
../src/stream.cc:12:18: note: suggested alternative: 'XPAR_AXILITE2BFT_V2_0_0_BASEADDR'
 #define AXI_REG7 XPAR_AXI_LEAF_AXI2STREAM_V1_0_0_BASEADDR+28
                  ^
../src/stream.cc:12:18: note: in definition of macro 'AXI_REG7'
 #define AXI_REG7 XPAR_AXI_LEAF_AXI2STREAM_V1_0_0_BASEADDR+28
                  ^~~~~~~~~~~~~~~~~~~~~~~~~~~~~~~~~~~~~~~~
../src/stream.cc: In member function 'unsigned int stream_inst::stream5_read(unsigned int*)':
../src/stream.cc:20:19: error: 'XPAR_AXI_LEAF_AXI2STREAM_V1_0_0_BASEADDR' was not declared in this scope
 #define AXI_REG15 XPAR_AXI_LEAF_AXI2STREAM_V1_0_0_BASEADDR+60
                   ^
../src/stream.cc:20:19: note: in definition of macro 'AXI_REG15'
 #define AXI_REG15 XPAR_AXI_LEAF_AXI2STREAM_V1_0_0_BASEADDR+60
                   ^~~~~~~~~~~~~~~~~~~~~~~~~~~~~~~~~~~~~~~~
../src/stream.cc:20:19: note: suggested alternative: 'XPAR_AXILITE2BFT_V2_0_0_BASEADDR'
 #define AXI_REG15 XPAR_AXI_LEAF_AXI2STREAM_V1_0_0_BASEADDR+60
                   ^
../src/stream.cc:20:19: note: in definition of macro 'AXI_REG15'
 #define AXI_REG15 XPAR_AXI_LEAF_AXI2STREAM_V1_0_0_BASEADDR+60
                   ^~~~~~~~~~~~~~~~~~~~~~~~~~~~~~~~~~~~~~~~
../src/stream.cc:12:18: error: 'XPAR_AXI_LEAF_AXI2STREAM_V1_0_0_BASEADDR' was not declared in this scope
 #define AXI_REG7 XPAR_AXI_LEAF_AXI2STREAM_V1_0_0_BASEADDR+28
                  ^
../src/stream.cc:12:18: note: in definition of macro 'AXI_REG7'
 #define AXI_REG7 XPAR_AXI_LEAF_AXI2STREAM_V1_0_0_BASEADDR+28
                  ^~~~~~~~~~~~~~~~~~~~~~~~~~~~~~~~~~~~~~~~
../src/stream.cc:12:18: note: suggested alternative: 'XPAR_AXILITE2BFT_V2_0_0_BASEADDR'
 #define AXI_REG7 XPAR_AXI_LEAF_AXI2STREAM_V1_0_0_BASEADDR+28
                  ^
../src/stream.cc:12:18: note: in definition of macro 'AXI_REG7'
 #define AXI_REG7 XPAR_AXI_LEAF_AXI2STREAM_V1_0_0_BASEADDR+28
                  ^~~~~~~~~~~~~~~~~~~~~~~~~~~~~~~~~~~~~~~~
../src/stream.cc: In member function 'unsigned int stream_inst::stream6_read(unsigned int*)':
../src/stream.cc:20:19: error: 'XPAR_AXI_LEAF_AXI2STREAM_V1_0_0_BASEADDR' was not declared in this scope
 #define AXI_REG15 XPAR_AXI_LEAF_AXI2STREAM_V1_0_0_BASEADDR+60
                   ^
../src/stream.cc:20:19: note: in definition of macro 'AXI_REG15'
 #define AXI_REG15 XPAR_AXI_LEAF_AXI2STREAM_V1_0_0_BASEADDR+60
                   ^~~~~~~~~~~~~~~~~~~~~~~~~~~~~~~~~~~~~~~~
../src/stream.cc:20:19: note: suggested alternative: 'XPAR_AXILITE2BFT_V2_0_0_BASEADDR'
 #define AXI_REG15 XPAR_AXI_LEAF_AXI2STREAM_V1_0_0_BASEADDR+60
                   ^
../src/stream.cc:20:19: note: in definition of macro 'AXI_REG15'
 #define AXI_REG15 XPAR_AXI_LEAF_AXI2STREAM_V1_0_0_BASEADDR+60
                   ^~~~~~~~~~~~~~~~~~~~~~~~~~~~~~~~~~~~~~~~
../src/stream.cc:12:18: error: 'XPAR_AXI_LEAF_AXI2STREAM_V1_0_0_BASEADDR' was not declared in this scope
 #define AXI_REG7 XPAR_AXI_LEAF_AXI2STREAM_V1_0_0_BASEADDR+28
                  ^
../src/stream.cc:12:18: note: in definition of macro 'AXI_REG7'
 #define AXI_REG7 XPAR_AXI_LEAF_AXI2STREAM_V1_0_0_BASEADDR+28
                  ^~~~~~~~~~~~~~~~~~~~~~~~~~~~~~~~~~~~~~~~
../src/stream.cc:12:18: note: suggested alternative: 'XPAR_AXILITE2BFT_V2_0_0_BASEADDR'
 #define AXI_REG7 XPAR_AXI_LEAF_AXI2STREAM_V1_0_0_BASEADDR+28
                  ^
../src/stream.cc:12:18: note: in definition of macro 'AXI_REG7'
 #define AXI_REG7 XPAR_AXI_LEAF_AXI2STREAM_V1_0_0_BASEADDR+28
                  ^~~~~~~~~~~~~~~~~~~~~~~~~~~~~~~~~~~~~~~~
../src/stream.cc: In member function 'unsigned int stream_inst::stream7_read(unsigned int*)':
../src/stream.cc:20:19: error: 'XPAR_AXI_LEAF_AXI2STREAM_V1_0_0_BASEADDR' was not declared in this scope
 #define AXI_REG15 XPAR_AXI_LEAF_AXI2STREAM_V1_0_0_BASEADDR+60
                   ^
../src/stream.cc:20:19: note: in definition of macro 'AXI_REG15'
 #define AXI_REG15 XPAR_AXI_LEAF_AXI2STREAM_V1_0_0_BASEADDR+60
                   ^~~~~~~~~~~~~~~~~~~~~~~~~~~~~~~~~~~~~~~~
../src/stream.cc:20:19: note: suggested alternative: 'XPAR_AXILITE2BFT_V2_0_0_BASEADDR'
 #define AXI_REG15 XPAR_AXI_LEAF_AXI2STREAM_V1_0_0_BASEADDR+60
                   ^
../src/stream.cc:20:19: note: in definition of macro 'AXI_REG15'
 #define AXI_REG15 XPAR_AXI_LEAF_AXI2STREAM_V1_0_0_BASEADDR+60
                   ^~~~~~~~~~~~~~~~~~~~~~~~~~~~~~~~~~~~~~~~
../src/stream.cc:12:18: error: 'XPAR_AXI_LEAF_AXI2STREAM_V1_0_0_BASEADDR' was not declared in this scope
 #define AXI_REG7 XPAR_AXI_LEAF_AXI2STREAM_V1_0_0_BASEADDR+28
                  ^
../src/stream.cc:12:18: note: in definition of macro 'AXI_REG7'
 #define AXI_REG7 XPAR_AXI_LEAF_AXI2STREAM_V1_0_0_BASEADDR+28
                  ^~~~~~~~~~~~~~~~~~~~~~~~~~~~~~~~~~~~~~~~
../src/stream.cc:12:18: note: suggested alternative: 'XPAR_AXILITE2BFT_V2_0_0_BASEADDR'
 #define AXI_REG7 XPAR_AXI_LEAF_AXI2STREAM_V1_0_0_BASEADDR+28
                  ^
../src/stream.cc:12:18: note: in definition of macro 'AXI_REG7'
 #define AXI_REG7 XPAR_AXI_LEAF_AXI2STREAM_V1_0_0_BASEADDR+28
                  ^~~~~~~~~~~~~~~~~~~~~~~~~~~~~~~~~~~~~~~~
../src/stream.cc: In member function 'void stream_inst::print_status()':
../src/stream.cc:12:18: error: 'XPAR_AXI_LEAF_AXI2STREAM_V1_0_0_BASEADDR' was not declared in this scope
 #define AXI_REG7 XPAR_AXI_LEAF_AXI2STREAM_V1_0_0_BASEADDR+28
                  ^
../src/stream.cc:12:18: note: in definition of macro 'AXI_REG7'
 #define AXI_REG7 XPAR_AXI_LEAF_AXI2STREAM_V1_0_0_BASEADDR+28
                  ^~~~~~~~~~~~~~~~~~~~~~~~~~~~~~~~~~~~~~~~
../src/stream.cc:12:18: note: suggested alternative: 'XPAR_AXILITE2BFT_V2_0_0_BASEADDR'
 #define AXI_REG7 XPAR_AXI_LEAF_AXI2STREAM_V1_0_0_BASEADDR+28
                  ^
../src/stream.cc:12:18: note: in definition of macro 'AXI_REG7'
 #define AXI_REG7 XPAR_AXI_LEAF_AXI2STREAM_V1_0_0_BASEADDR+28
                  ^~~~~~~~~~~~~~~~~~~~~~~~~~~~~~~~~~~~~~~~
make: *** [src/stream.o] Error 1
src/subdir.mk:27: recipe for target 'src/stream.o' failed
11:49:08 **** Clean-only build of configuration Debug for project add_demo ****
make clean 
rm -rf  ./src/config.d ./src/host.d ./src/stream.d  ./src/config.o ./src/host.o ./src/stream.o  add_demo.elf.size  add_demo.elf
 
11:49:08 **** Auto Build of configuration Debug for project add_demo ****
make all 
Building file: ../src/config.cc
Invoking: ARM v8 g++ compiler
aarch64-none-elf-g++ -Wall -O0 -g3 -c -fmessage-length=0 -MT"src/config.o" -I../../add_demo_bsp/psu_cortexa53_0/include -MMD -MP -MF"src/config.d" -MT"src/config.o" -o "src/config.o" "../src/config.cc"
../src/config.cc: In function 'void read_from_fifo(int*)':
../src/config.cc:26:8: warning: variable 'rev_0' set but not used [-Wunused-but-set-variable]
    int rev_0, rev_1;
        ^~~~~
../src/config.cc:26:15: warning: variable 'rev_1' set but not used [-Wunused-but-set-variable]
    int rev_0, rev_1;
               ^~~~~
Finished building: ../src/config.cc
 
Building file: ../src/host.cc
Invoking: ARM v8 g++ compiler
aarch64-none-elf-g++ -Wall -O0 -g3 -c -fmessage-length=0 -MT"src/host.o" -I../../add_demo_bsp/psu_cortexa53_0/include -MMD -MP -MF"src/host.d" -MT"src/host.o" -o "src/host.o" "../src/host.cc"
../src/host.cc:12:10: fatal error: stream.h: No such file or directory
 #include "stream.h"
          ^~~~~~~~~~
compilation terminated.
src/subdir.mk:24: recipe for target 'src/host.o' failed
make: *** [src/host.o] Error 1
11:49:12 **** Auto Build of configuration Debug for project add_demo ****
make all 
Building file: ../src/host.cc
Invoking: ARM v8 g++ compiler
aarch64-none-elf-g++ -Wall -O0 -g3 -c -fmessage-length=0 -MT"src/host.o" -I../../add_demo_bsp/psu_cortexa53_0/include -MMD -MP -MF"src/host.d" -MT"src/host.o" -o "src/host.o" "../src/host.cc"
In file included from ../src/host.cc:12:0:
../src/typedefs.h:37:2: warning: #warning CHECK FOR THE VALID DDR ADDRESS IN XPARAMETERS.H, DEFAULT SET TO 0x01000000 [-Wcpp]
 #warning CHECK FOR THE VALID DDR ADDRESS IN XPARAMETERS.H, \
  ^~~~~~~
../src/host.cc: In function 'int main()':
../src/host.cc:26:2: error: 'stream_inst' was not declared in this scope
  stream_inst stream(0, 0);
  ^~~~~~~~~~~
../src/host.cc:26:2: note: suggested alternative: 'stream_op'
  stream_inst stream(0, 0);
  ^~~~~~~~~~~
  stream_op
../src/host.cc:28:3: error: 'stream' was not declared in this scope
   stream.stream1_write(i);
   ^~~~~~
../src/host.cc:28:3: note: suggested alternative: 'strcat'
   stream.stream1_write(i);
   ^~~~~~
   strcat
../src/host.cc:21:22: warning: unused variable 'data2' [-Wunused-variable]
  unsigned int data1, data2;
                      ^~~~~
make: *** [src/host.o] Error 1
src/subdir.mk:24: recipe for target 'src/host.o' failed
11:49:24 **** Auto Build of configuration Debug for project add_demo ****
make all 
Building file: ../src/host.cc
Invoking: ARM v8 g++ compiler
aarch64-none-elf-g++ -Wall -O0 -g3 -c -fmessage-length=0 -MT"src/host.o" -I../../add_demo_bsp/psu_cortexa53_0/include -MMD -MP -MF"src/host.d" -MT"src/host.o" -o "src/host.o" "../src/host.cc"
In file included from ../src/host.cc:12:0:
../src/typedefs.h:37:2: warning: #warning CHECK FOR THE VALID DDR ADDRESS IN XPARAMETERS.H, DEFAULT SET TO 0x01000000 [-Wcpp]
 #warning CHECK FOR THE VALID DDR ADDRESS IN XPARAMETERS.H, \
  ^~~~~~~
../src/host.cc: In function 'int main()':
../src/host.cc:21:22: warning: unused variable 'data2' [-Wunused-variable]
  unsigned int data1, data2;
                      ^~~~~
../src/host.cc:29:9: warning: 'data1' may be used uninitialized in this function [-Wmaybe-uninitialized]
   printf("%d op %d = %d\n", i, i+1,  data1);
   ~~~~~~^~~~~~~~~~~~~~~~~~~~~~~~~~~~~~~~~~~
Finished building: ../src/host.cc
 
Building target: add_demo.elf
Invoking: ARM v8 g++ linker
aarch64-none-elf-g++ -Wl,-T -Wl,../src/lscript.ld -L../../add_demo_bsp/psu_cortexa53_0/lib -o "add_demo.elf"  ./src/config.o ./src/host.o   -Wl,--start-group,-lxil,-lgcc,-lc,-lstdc++,--end-group
Finished building target: add_demo.elf
 
Invoking: ARM v8 Print Size
aarch64-none-elf-size add_demo.elf  |tee "add_demo.elf.size"
   text	   data	    bss	    dec	    hex	filename
  75828	   4608	  20736	 101172	  18b34	add_demo.elf
Finished building: add_demo.elf.size
 
11:49:59 **** Incremental Build of configuration Debug for project add_demo ****
make all 
make: Nothing to be done for 'all'.
11:50:19 **** Incremental Build of configuration Debug for project add_demo ****
make all 
make: Nothing to be done for 'all'.
11:54:56 **** Auto Build of configuration Debug for project add_demo ****
make all 
Building file: ../src/config.cc
Invoking: ARM v8 g++ compiler
aarch64-none-elf-g++ -Wall -O0 -g3 -c -fmessage-length=0 -MT"src/config.o" -I../../add_demo_bsp/psu_cortexa53_0/include -MMD -MP -MF"src/config.d" -MT"src/config.o" -o "src/config.o" "../src/config.cc"
Finished building: ../src/config.cc
 
Building target: add_demo.elf
Invoking: ARM v8 g++ linker
aarch64-none-elf-g++ -Wl,-T -Wl,../src/lscript.ld -L../../add_demo_bsp/psu_cortexa53_0/lib -o "add_demo.elf"  ./src/config.o ./src/host.o   -Wl,--start-group,-lxil,-lgcc,-lc,-lstdc++,--end-group
Finished building target: add_demo.elf
 
Invoking: ARM v8 Print Size
aarch64-none-elf-size add_demo.elf  |tee "add_demo.elf.size"
   text	   data	    bss	    dec	    hex	filename
  75932	   4608	  20760	 101300	  18bb4	add_demo.elf
Finished building: add_demo.elf.size
 
11:55:08 **** Auto Build of configuration Debug for project add_demo ****
make all 
Building file: ../src/config.cc
Invoking: ARM v8 g++ compiler
aarch64-none-elf-g++ -Wall -O0 -g3 -c -fmessage-length=0 -MT"src/config.o" -I../../add_demo_bsp/psu_cortexa53_0/include -MMD -MP -MF"src/config.d" -MT"src/config.o" -o "src/config.o" "../src/config.cc"
../src/config.cc: In function 'void init_regs()':
../src/config.cc:78:20: error: expected primary-expression before 'int'
     read_from_fifo(int * ctrl_reg);
                    ^~~
src/subdir.mk:24: recipe for target 'src/config.o' failed
make: *** [src/config.o] Error 1
11:55:17 **** Auto Build of configuration Debug for project add_demo ****
make all 
Building file: ../src/config.cc
Invoking: ARM v8 g++ compiler
aarch64-none-elf-g++ -Wall -O0 -g3 -c -fmessage-length=0 -MT"src/config.o" -I../../add_demo_bsp/psu_cortexa53_0/include -MMD -MP -MF"src/config.d" -MT"src/config.o" -o "src/config.o" "../src/config.cc"
Finished building: ../src/config.cc
 
Building target: add_demo.elf
Invoking: ARM v8 g++ linker
aarch64-none-elf-g++ -Wl,-T -Wl,../src/lscript.ld -L../../add_demo_bsp/psu_cortexa53_0/lib -o "add_demo.elf"  ./src/config.o ./src/host.o   -Wl,--start-group,-lxil,-lgcc,-lc,-lstdc++,--end-group
Finished building target: add_demo.elf
 
Invoking: ARM v8 Print Size
aarch64-none-elf-size add_demo.elf  |tee "add_demo.elf.size"
   text	   data	    bss	    dec	    hex	filename
  75996	   4608	  20760	 101364	  18bf4	add_demo.elf
Finished building: add_demo.elf.size
 
11:55:38 **** Auto Build of configuration Debug for project add_demo ****
make all 
Building file: ../src/config.cc
Invoking: ARM v8 g++ compiler
aarch64-none-elf-g++ -Wall -O0 -g3 -c -fmessage-length=0 -MT"src/config.o" -I../../add_demo_bsp/psu_cortexa53_0/include -MMD -MP -MF"src/config.d" -MT"src/config.o" -o "src/config.o" "../src/config.cc"
Finished building: ../src/config.cc
 
Building target: add_demo.elf
Invoking: ARM v8 g++ linker
aarch64-none-elf-g++ -Wl,-T -Wl,../src/lscript.ld -L../../add_demo_bsp/psu_cortexa53_0/lib -o "add_demo.elf"  ./src/config.o ./src/host.o   -Wl,--start-group,-lxil,-lgcc,-lc,-lstdc++,--end-group
Finished building target: add_demo.elf
 
Invoking: ARM v8 Print Size
aarch64-none-elf-size add_demo.elf  |tee "add_demo.elf.size"
   text	   data	    bss	    dec	    hex	filename
  75996	   4608	  20760	 101364	  18bf4	add_demo.elf
Finished building: add_demo.elf.size
 
11:55:47 **** Auto Build of configuration Debug for project add_demo ****
make all 
Building file: ../src/config.cc
Invoking: ARM v8 g++ compiler
aarch64-none-elf-g++ -Wall -O0 -g3 -c -fmessage-length=0 -MT"src/config.o" -I../../add_demo_bsp/psu_cortexa53_0/include -MMD -MP -MF"src/config.d" -MT"src/config.o" -o "src/config.o" "../src/config.cc"
Finished building: ../src/config.cc
 
Building target: add_demo.elf
Invoking: ARM v8 g++ linker
aarch64-none-elf-g++ -Wl,-T -Wl,../src/lscript.ld -L../../add_demo_bsp/psu_cortexa53_0/lib -o "add_demo.elf"  ./src/config.o ./src/host.o   -Wl,--start-group,-lxil,-lgcc,-lc,-lstdc++,--end-group
Finished building target: add_demo.elf
 
Invoking: ARM v8 Print Size
aarch64-none-elf-size add_demo.elf  |tee "add_demo.elf.size"
   text	   data	    bss	    dec	    hex	filename
  75996	   4608	  20760	 101364	  18bf4	add_demo.elf
Finished building: add_demo.elf.size
 
11:55:54 **** Auto Build of configuration Debug for project add_demo ****
make all 
Building file: ../src/config.cc
Invoking: ARM v8 g++ compiler
aarch64-none-elf-g++ -Wall -O0 -g3 -c -fmessage-length=0 -MT"src/config.o" -I../../add_demo_bsp/psu_cortexa53_0/include -MMD -MP -MF"src/config.d" -MT"src/config.o" -o "src/config.o" "../src/config.cc"
Finished building: ../src/config.cc
 
Building target: add_demo.elf
Invoking: ARM v8 g++ linker
aarch64-none-elf-g++ -Wl,-T -Wl,../src/lscript.ld -L../../add_demo_bsp/psu_cortexa53_0/lib -o "add_demo.elf"  ./src/config.o ./src/host.o   -Wl,--start-group,-lxil,-lgcc,-lc,-lstdc++,--end-group
Finished building target: add_demo.elf
 
Invoking: ARM v8 Print Size
aarch64-none-elf-size add_demo.elf  |tee "add_demo.elf.size"
   text	   data	    bss	    dec	    hex	filename
  76252	   4608	  20760	 101620	  18cf4	add_demo.elf
Finished building: add_demo.elf.size
 
11:55:59 **** Incremental Build of configuration Debug for project add_demo ****
make all 
Building file: ../src/host.cc
Invoking: ARM v8 g++ compiler
aarch64-none-elf-g++ -Wall -O0 -g3 -c -fmessage-length=0 -MT"src/host.o" -I../../add_demo_bsp/psu_cortexa53_0/include -MMD -MP -MF"src/host.d" -MT"src/host.o" -o "src/host.o" "../src/host.cc"
In file included from ../src/host.cc:12:0:
../src/typedefs.h:37:2: warning: #warning CHECK FOR THE VALID DDR ADDRESS IN XPARAMETERS.H, DEFAULT SET TO 0x01000000 [-Wcpp]
 #warning CHECK FOR THE VALID DDR ADDRESS IN XPARAMETERS.H, \
  ^~~~~~~
../src/host.cc: In function 'int main()':
../src/host.cc:21:22: warning: unused variable 'data2' [-Wunused-variable]
  unsigned int data1, data2;
                      ^~~~~
../src/host.cc:30:9: warning: 'data1' may be used uninitialized in this function [-Wmaybe-uninitialized]
   printf("%d op %d = %d\n", i, i+1,  data1);
   ~~~~~~^~~~~~~~~~~~~~~~~~~~~~~~~~~~~~~~~~~
Finished building: ../src/host.cc
 
Building target: add_demo.elf
Invoking: ARM v8 g++ linker
aarch64-none-elf-g++ -Wl,-T -Wl,../src/lscript.ld -L../../add_demo_bsp/psu_cortexa53_0/lib -o "add_demo.elf"  ./src/config.o ./src/host.o   -Wl,--start-group,-lxil,-lgcc,-lc,-lstdc++,--end-group
Finished building target: add_demo.elf
 
Invoking: ARM v8 Print Size
aarch64-none-elf-size add_demo.elf  |tee "add_demo.elf.size"
   text	   data	    bss	    dec	    hex	filename
  76252	   4608	  20760	 101620	  18cf4	add_demo.elf
Finished building: add_demo.elf.size
 
11:56:32 **** Auto Build of configuration Debug for project add_demo ****
make all 
Building file: ../src/host.cc
Invoking: ARM v8 g++ compiler
aarch64-none-elf-g++ -Wall -O0 -g3 -c -fmessage-length=0 -MT"src/host.o" -I../../add_demo_bsp/psu_cortexa53_0/include -MMD -MP -MF"src/host.d" -MT"src/host.o" -o "src/host.o" "../src/host.cc"
In file included from ../src/host.cc:12:0:
../src/typedefs.h:37:2: warning: #warning CHECK FOR THE VALID DDR ADDRESS IN XPARAMETERS.H, DEFAULT SET TO 0x01000000 [-Wcpp]
 #warning CHECK FOR THE VALID DDR ADDRESS IN XPARAMETERS.H, \
  ^~~~~~~
../src/host.cc: In function 'int main()':
../src/host.cc:21:15: warning: unused variable 'data1' [-Wunused-variable]
  unsigned int data1, data2;
               ^~~~~
../src/host.cc:21:22: warning: unused variable 'data2' [-Wunused-variable]
  unsigned int data1, data2;
                      ^~~~~
Finished building: ../src/host.cc
 
Building target: add_demo.elf
Invoking: ARM v8 g++ linker
aarch64-none-elf-g++ -Wl,-T -Wl,../src/lscript.ld -L../../add_demo_bsp/psu_cortexa53_0/lib -o "add_demo.elf"  ./src/config.o ./src/host.o   -Wl,--start-group,-lxil,-lgcc,-lc,-lstdc++,--end-group
Finished building target: add_demo.elf
 
Invoking: ARM v8 Print Size
aarch64-none-elf-size add_demo.elf  |tee "add_demo.elf.size"
   text	   data	    bss	    dec	    hex	filename
  45808	   4432	  20808	  71048	  11588	add_demo.elf
Finished building: add_demo.elf.size
 
11:57:12 **** Auto Build of configuration Debug for project add_demo ****
make all 
Building file: ../src/config.cc
Invoking: ARM v8 g++ compiler
aarch64-none-elf-g++ -Wall -O0 -g3 -c -fmessage-length=0 -MT"src/config.o" -I../../add_demo_bsp/psu_cortexa53_0/include -MMD -MP -MF"src/config.d" -MT"src/config.o" -o "src/config.o" "../src/config.cc"
Finished building: ../src/config.cc
 
Building target: add_demo.elf
Invoking: ARM v8 g++ linker
aarch64-none-elf-g++ -Wl,-T -Wl,../src/lscript.ld -L../../add_demo_bsp/psu_cortexa53_0/lib -o "add_demo.elf"  ./src/config.o ./src/host.o   -Wl,--start-group,-lxil,-lgcc,-lc,-lstdc++,--end-group
Finished building target: add_demo.elf
 
Invoking: ARM v8 Print Size
aarch64-none-elf-size add_demo.elf  |tee "add_demo.elf.size"
   text	   data	    bss	    dec	    hex	filename
  45808	   4432	  20808	  71048	  11588	add_demo.elf
Finished building: add_demo.elf.size
 
11:57:41 **** Auto Build of configuration Debug for project add_demo ****
make all 
Building file: ../src/config.cc
Invoking: ARM v8 g++ compiler
aarch64-none-elf-g++ -Wall -O0 -g3 -c -fmessage-length=0 -MT"src/config.o" -I../../add_demo_bsp/psu_cortexa53_0/include -MMD -MP -MF"src/config.d" -MT"src/config.o" -o "src/config.o" "../src/config.cc"
../src/config.cc: In function 'void init_regs()':
../src/config.cc:75:5: error: 'printf' was not declared in this scope
     printf("Write port1\n");
     ^~~~~~
../src/config.cc:75:5: note: suggested alternative: 'print'
     printf("Write port1\n");
     ^~~~~~
     print
src/subdir.mk:24: recipe for target 'src/config.o' failed
make: *** [src/config.o] Error 1
11:57:47 **** Auto Build of configuration Debug for project add_demo ****
make all 
Building file: ../src/config.cc
Invoking: ARM v8 g++ compiler
aarch64-none-elf-g++ -Wall -O0 -g3 -c -fmessage-length=0 -MT"src/config.o" -I../../add_demo_bsp/psu_cortexa53_0/include -MMD -MP -MF"src/config.d" -MT"src/config.o" -o "src/config.o" "../src/config.cc"
../src/config.cc: In function 'void init_regs()':
../src/config.cc:77:5: error: 'printf' was not declared in this scope
     printf("Write port2\n");
     ^~~~~~
../src/config.cc:77:5: note: suggested alternative: 'print'
     printf("Write port2\n");
     ^~~~~~
     print
src/subdir.mk:24: recipe for target 'src/config.o' failed
make: *** [src/config.o] Error 1
11:57:55 **** Auto Build of configuration Debug for project add_demo ****
make all 
Building file: ../src/config.cc
Invoking: ARM v8 g++ compiler
aarch64-none-elf-g++ -Wall -O0 -g3 -c -fmessage-length=0 -MT"src/config.o" -I../../add_demo_bsp/psu_cortexa53_0/include -MMD -MP -MF"src/config.d" -MT"src/config.o" -o "src/config.o" "../src/config.cc"
Finished building: ../src/config.cc
 
Building target: add_demo.elf
Invoking: ARM v8 g++ linker
aarch64-none-elf-g++ -Wl,-T -Wl,../src/lscript.ld -L../../add_demo_bsp/psu_cortexa53_0/lib -o "add_demo.elf"  ./src/config.o ./src/host.o   -Wl,--start-group,-lxil,-lgcc,-lc,-lstdc++,--end-group
Finished building target: add_demo.elf
 
Invoking: ARM v8 Print Size
aarch64-none-elf-size add_demo.elf  |tee "add_demo.elf.size"
   text	   data	    bss	    dec	    hex	filename
  45856	   4432	  20824	  71112	  115c8	add_demo.elf
Finished building: add_demo.elf.size
 
11:58:02 **** Incremental Build of configuration Debug for project add_demo ****
make all 
make: Nothing to be done for 'all'.
11:59:11 **** Auto Build of configuration Debug for project add_demo ****
make all 
Building file: ../src/config.cc
Invoking: ARM v8 g++ compiler
aarch64-none-elf-g++ -Wall -O0 -g3 -c -fmessage-length=0 -MT"src/config.o" -I../../add_demo_bsp/psu_cortexa53_0/include -MMD -MP -MF"src/config.d" -MT"src/config.o" -o "src/config.o" "../src/config.cc"
Finished building: ../src/config.cc
 
Building target: add_demo.elf
Invoking: ARM v8 g++ linker
aarch64-none-elf-g++ -Wl,-T -Wl,../src/lscript.ld -L../../add_demo_bsp/psu_cortexa53_0/lib -o "add_demo.elf"  ./src/config.o ./src/host.o   -Wl,--start-group,-lxil,-lgcc,-lc,-lstdc++,--end-group
Finished building target: add_demo.elf
 
Invoking: ARM v8 Print Size
aarch64-none-elf-size add_demo.elf  |tee "add_demo.elf.size"
   text	   data	    bss	    dec	    hex	filename
  45920	   4432	  20824	  71176	  11608	add_demo.elf
Finished building: add_demo.elf.size
 
11:59:43 **** Auto Build of configuration Debug for project add_demo ****
make all 
Building file: ../src/config.cc
Invoking: ARM v8 g++ compiler
aarch64-none-elf-g++ -Wall -O0 -g3 -c -fmessage-length=0 -MT"src/config.o" -I../../add_demo_bsp/psu_cortexa53_0/include -MMD -MP -MF"src/config.d" -MT"src/config.o" -o "src/config.o" "../src/config.cc"
Finished building: ../src/config.cc
 
Building target: add_demo.elf
Invoking: ARM v8 g++ linker
aarch64-none-elf-g++ -Wl,-T -Wl,../src/lscript.ld -L../../add_demo_bsp/psu_cortexa53_0/lib -o "add_demo.elf"  ./src/config.o ./src/host.o   -Wl,--start-group,-lxil,-lgcc,-lc,-lstdc++,--end-group
Finished building target: add_demo.elf
 
Invoking: ARM v8 Print Size
aarch64-none-elf-size add_demo.elf  |tee "add_demo.elf.size"
   text	   data	    bss	    dec	    hex	filename
  45920	   4432	  20824	  71176	  11608	add_demo.elf
Finished building: add_demo.elf.size
 
12:00:05 **** Auto Build of configuration Debug for project add_demo ****
make all 
Building file: ../src/config.cc
Invoking: ARM v8 g++ compiler
aarch64-none-elf-g++ -Wall -O0 -g3 -c -fmessage-length=0 -MT"src/config.o" -I../../add_demo_bsp/psu_cortexa53_0/include -MMD -MP -MF"src/config.d" -MT"src/config.o" -o "src/config.o" "../src/config.cc"
../src/config.cc: In function 'void read_from_fifo(int*)':
../src/config.cc:26:15: warning: variable 'rev_1' set but not used [-Wunused-but-set-variable]
    int rev_0, rev_1;
               ^~~~~
Finished building: ../src/config.cc
 
Building target: add_demo.elf
Invoking: ARM v8 g++ linker
aarch64-none-elf-g++ -Wl,-T -Wl,../src/lscript.ld -L../../add_demo_bsp/psu_cortexa53_0/lib -o "add_demo.elf"  ./src/config.o ./src/host.o   -Wl,--start-group,-lxil,-lgcc,-lc,-lstdc++,--end-group
Finished building target: add_demo.elf
 
Invoking: ARM v8 Print Size
aarch64-none-elf-size add_demo.elf  |tee "add_demo.elf.size"
   text	   data	    bss	    dec	    hex	filename
  45832	   4432	  20784	  71048	  11588	add_demo.elf
Finished building: add_demo.elf.size
 
12:00:13 **** Incremental Build of configuration Debug for project add_demo ****
make all 
make: Nothing to be done for 'all'.
12:00:42 **** Auto Build of configuration Debug for project add_demo ****
make all 
Building file: ../src/config.cc
Invoking: ARM v8 g++ compiler
aarch64-none-elf-g++ -Wall -O0 -g3 -c -fmessage-length=0 -MT"src/config.o" -I../../add_demo_bsp/psu_cortexa53_0/include -MMD -MP -MF"src/config.d" -MT"src/config.o" -o "src/config.o" "../src/config.cc"
../src/config.cc: In function 'void read_from_fifo(int*)':
../src/config.cc:26:15: warning: variable 'rev_1' set but not used [-Wunused-but-set-variable]
    int rev_0, rev_1;
               ^~~~~
Finished building: ../src/config.cc
 
Building target: add_demo.elf
Invoking: ARM v8 g++ linker
aarch64-none-elf-g++ -Wl,-T -Wl,../src/lscript.ld -L../../add_demo_bsp/psu_cortexa53_0/lib -o "add_demo.elf"  ./src/config.o ./src/host.o   -Wl,--start-group,-lxil,-lgcc,-lc,-lstdc++,--end-group
Finished building target: add_demo.elf
 
Invoking: ARM v8 Print Size
aarch64-none-elf-size add_demo.elf  |tee "add_demo.elf.size"
   text	   data	    bss	    dec	    hex	filename
  45880	   4432	  20800	  71112	  115c8	add_demo.elf
Finished building: add_demo.elf.size
 
12:00:46 **** Incremental Build of configuration Debug for project add_demo ****
make all 
make: Nothing to be done for 'all'.
12:01:18 **** Auto Build of configuration Debug for project add_demo ****
make all 
Building file: ../src/config.cc
Invoking: ARM v8 g++ compiler
aarch64-none-elf-g++ -Wall -O0 -g3 -c -fmessage-length=0 -MT"src/config.o" -I../../add_demo_bsp/psu_cortexa53_0/include -MMD -MP -MF"src/config.d" -MT"src/config.o" -o "src/config.o" "../src/config.cc"
../src/config.cc: In function 'void read_from_fifo(int*)':
../src/config.cc:26:15: warning: variable 'rev_1' set but not used [-Wunused-but-set-variable]
    int rev_0, rev_1;
               ^~~~~
Finished building: ../src/config.cc
 
Building target: add_demo.elf
Invoking: ARM v8 g++ linker
aarch64-none-elf-g++ -Wl,-T -Wl,../src/lscript.ld -L../../add_demo_bsp/psu_cortexa53_0/lib -o "add_demo.elf"  ./src/config.o ./src/host.o   -Wl,--start-group,-lxil,-lgcc,-lc,-lstdc++,--end-group
Finished building target: add_demo.elf
 
Invoking: ARM v8 Print Size
aarch64-none-elf-size add_demo.elf  |tee "add_demo.elf.size"
   text	   data	    bss	    dec	    hex	filename
  45880	   4432	  20800	  71112	  115c8	add_demo.elf
Finished building: add_demo.elf.size
 
12:01:25 **** Incremental Build of configuration Debug for project add_demo ****
make all 
make: Nothing to be done for 'all'.
12:01:54 **** Auto Build of configuration Debug for project add_demo ****
make all 
Building file: ../src/config.cc
Invoking: ARM v8 g++ compiler
aarch64-none-elf-g++ -Wall -O0 -g3 -c -fmessage-length=0 -MT"src/config.o" -I../../add_demo_bsp/psu_cortexa53_0/include -MMD -MP -MF"src/config.d" -MT"src/config.o" -o "src/config.o" "../src/config.cc"
../src/config.cc: In function 'void read_from_fifo(int*)':
../src/config.cc:26:15: warning: variable 'rev_1' set but not used [-Wunused-but-set-variable]
    int rev_0, rev_1;
               ^~~~~
Finished building: ../src/config.cc
 
Building target: add_demo.elf
Invoking: ARM v8 g++ linker
aarch64-none-elf-g++ -Wl,-T -Wl,../src/lscript.ld -L../../add_demo_bsp/psu_cortexa53_0/lib -o "add_demo.elf"  ./src/config.o ./src/host.o   -Wl,--start-group,-lxil,-lgcc,-lc,-lstdc++,--end-group
Finished building target: add_demo.elf
 
Invoking: ARM v8 Print Size
aarch64-none-elf-size add_demo.elf  |tee "add_demo.elf.size"
   text	   data	    bss	    dec	    hex	filename
  45880	   4432	  20800	  71112	  115c8	add_demo.elf
Finished building: add_demo.elf.size
 
12:01:59 **** Incremental Build of configuration Debug for project add_demo ****
make all 
make: Nothing to be done for 'all'.
12:05:15 **** Auto Build of configuration Debug for project add_demo ****
make all 
Building file: ../src/config.cc
Invoking: ARM v8 g++ compiler
aarch64-none-elf-g++ -Wall -O0 -g3 -c -fmessage-length=0 -MT"src/config.o" -I../../add_demo_bsp/psu_cortexa53_0/include -MMD -MP -MF"src/config.d" -MT"src/config.o" -o "src/config.o" "../src/config.cc"
../src/config.cc: In function 'void read_from_fifo(int*)':
../src/config.cc:26:15: warning: variable 'rev_1' set but not used [-Wunused-but-set-variable]
    int rev_0, rev_1;
               ^~~~~
Finished building: ../src/config.cc
 
Building target: add_demo.elf
Invoking: ARM v8 g++ linker
aarch64-none-elf-g++ -Wl,-T -Wl,../src/lscript.ld -L../../add_demo_bsp/psu_cortexa53_0/lib -o "add_demo.elf"  ./src/config.o ./src/host.o   -Wl,--start-group,-lxil,-lgcc,-lc,-lstdc++,--end-group
Finished building target: add_demo.elf
 
Invoking: ARM v8 Print Size
aarch64-none-elf-size add_demo.elf  |tee "add_demo.elf.size"
   text	   data	    bss	    dec	    hex	filename
  45880	   4432	  20800	  71112	  115c8	add_demo.elf
Finished building: add_demo.elf.size
 
12:05:35 **** Auto Build of configuration Debug for project add_demo ****
make all 
Building file: ../src/config.cc
Invoking: ARM v8 g++ compiler
aarch64-none-elf-g++ -Wall -O0 -g3 -c -fmessage-length=0 -MT"src/config.o" -I../../add_demo_bsp/psu_cortexa53_0/include -MMD -MP -MF"src/config.d" -MT"src/config.o" -o "src/config.o" "../src/config.cc"
../src/config.cc: In function 'void read_from_fifo(int*)':
../src/config.cc:26:15: warning: variable 'rev_1' set but not used [-Wunused-but-set-variable]
    int rev_0, rev_1;
               ^~~~~
Finished building: ../src/config.cc
 
Building target: add_demo.elf
Invoking: ARM v8 g++ linker
aarch64-none-elf-g++ -Wl,-T -Wl,../src/lscript.ld -L../../add_demo_bsp/psu_cortexa53_0/lib -o "add_demo.elf"  ./src/config.o ./src/host.o   -Wl,--start-group,-lxil,-lgcc,-lc,-lstdc++,--end-group
Finished building target: add_demo.elf
 
Invoking: ARM v8 Print Size
aarch64-none-elf-size add_demo.elf  |tee "add_demo.elf.size"
   text	   data	    bss	    dec	    hex	filename
  45856	   4432	  20824	  71112	  115c8	add_demo.elf
Finished building: add_demo.elf.size
 
12:06:09 **** Auto Build of configuration Debug for project add_demo ****
make all 
Building file: ../src/config.cc
Invoking: ARM v8 g++ compiler
aarch64-none-elf-g++ -Wall -O0 -g3 -c -fmessage-length=0 -MT"src/config.o" -I../../add_demo_bsp/psu_cortexa53_0/include -MMD -MP -MF"src/config.d" -MT"src/config.o" -o "src/config.o" "../src/config.cc"
../src/config.cc: In function 'void read_from_fifo(int*)':
../src/config.cc:26:15: warning: variable 'rev_1' set but not used [-Wunused-but-set-variable]
    int rev_0, rev_1;
               ^~~~~
Finished building: ../src/config.cc
 
Building target: add_demo.elf
Invoking: ARM v8 g++ linker
aarch64-none-elf-g++ -Wl,-T -Wl,../src/lscript.ld -L../../add_demo_bsp/psu_cortexa53_0/lib -o "add_demo.elf"  ./src/config.o ./src/host.o   -Wl,--start-group,-lxil,-lgcc,-lc,-lstdc++,--end-group
Finished building target: add_demo.elf
 
Invoking: ARM v8 Print Size
aarch64-none-elf-size add_demo.elf  |tee "add_demo.elf.size"
   text	   data	    bss	    dec	    hex	filename
  45872	   4432	  20808	  71112	  115c8	add_demo.elf
Finished building: add_demo.elf.size
 
12:06:16 **** Auto Build of configuration Debug for project add_demo ****
make all 
Building file: ../src/config.cc
Invoking: ARM v8 g++ compiler
aarch64-none-elf-g++ -Wall -O0 -g3 -c -fmessage-length=0 -MT"src/config.o" -I../../add_demo_bsp/psu_cortexa53_0/include -MMD -MP -MF"src/config.d" -MT"src/config.o" -o "src/config.o" "../src/config.cc"
../src/config.cc: In function 'void read_from_fifo(int*)':
../src/config.cc:26:15: warning: variable 'rev_1' set but not used [-Wunused-but-set-variable]
    int rev_0, rev_1;
               ^~~~~
Finished building: ../src/config.cc
 
Building target: add_demo.elf
Invoking: ARM v8 g++ linker
aarch64-none-elf-g++ -Wl,-T -Wl,../src/lscript.ld -L../../add_demo_bsp/psu_cortexa53_0/lib -o "add_demo.elf"  ./src/config.o ./src/host.o   -Wl,--start-group,-lxil,-lgcc,-lc,-lstdc++,--end-group
Finished building target: add_demo.elf
 
Invoking: ARM v8 Print Size
aarch64-none-elf-size add_demo.elf  |tee "add_demo.elf.size"
   text	   data	    bss	    dec	    hex	filename
  45856	   4432	  20824	  71112	  115c8	add_demo.elf
Finished building: add_demo.elf.size
 
12:06:27 **** Incremental Build of configuration Debug for project add_demo ****
make all 
make: Nothing to be done for 'all'.
12:07:03 **** Auto Build of configuration Debug for project add_demo ****
make all 
Building file: ../src/host.cc
Invoking: ARM v8 g++ compiler
aarch64-none-elf-g++ -Wall -O0 -g3 -c -fmessage-length=0 -MT"src/host.o" -I../../add_demo_bsp/psu_cortexa53_0/include -MMD -MP -MF"src/host.d" -MT"src/host.o" -o "src/host.o" "../src/host.cc"
In file included from ../src/host.cc:12:0:
../src/typedefs.h:37:2: warning: #warning CHECK FOR THE VALID DDR ADDRESS IN XPARAMETERS.H, DEFAULT SET TO 0x01000000 [-Wcpp]
 #warning CHECK FOR THE VALID DDR ADDRESS IN XPARAMETERS.H, \
  ^~~~~~~
../src/host.cc: In function 'int main()':
../src/host.cc:21:15: warning: unused variable 'data1' [-Wunused-variable]
  unsigned int data1, data2;
               ^~~~~
../src/host.cc:21:22: warning: unused variable 'data2' [-Wunused-variable]
  unsigned int data1, data2;
                      ^~~~~
Finished building: ../src/host.cc
 
Building target: add_demo.elf
Invoking: ARM v8 g++ linker
aarch64-none-elf-g++ -Wl,-T -Wl,../src/lscript.ld -L../../add_demo_bsp/psu_cortexa53_0/lib -o "add_demo.elf"  ./src/config.o ./src/host.o   -Wl,--start-group,-lxil,-lgcc,-lc,-lstdc++,--end-group
Finished building target: add_demo.elf
 
Invoking: ARM v8 Print Size
aarch64-none-elf-size add_demo.elf  |tee "add_demo.elf.size"
   text	   data	    bss	    dec	    hex	filename
  45736	   4432	  20792	  70960	  11530	add_demo.elf
Finished building: add_demo.elf.size
 
12:07:08 **** Auto Build of configuration Debug for project add_demo ****
make all 
Building file: ../src/host.cc
Invoking: ARM v8 g++ compiler
aarch64-none-elf-g++ -Wall -O0 -g3 -c -fmessage-length=0 -MT"src/host.o" -I../../add_demo_bsp/psu_cortexa53_0/include -MMD -MP -MF"src/host.d" -MT"src/host.o" -o "src/host.o" "../src/host.cc"
In file included from ../src/host.cc:12:0:
../src/typedefs.h:37:2: warning: #warning CHECK FOR THE VALID DDR ADDRESS IN XPARAMETERS.H, DEFAULT SET TO 0x01000000 [-Wcpp]
 #warning CHECK FOR THE VALID DDR ADDRESS IN XPARAMETERS.H, \
  ^~~~~~~
Finished building: ../src/host.cc
 
Building target: add_demo.elf
Invoking: ARM v8 g++ linker
aarch64-none-elf-g++ -Wl,-T -Wl,../src/lscript.ld -L../../add_demo_bsp/psu_cortexa53_0/lib -o "add_demo.elf"  ./src/config.o ./src/host.o   -Wl,--start-group,-lxil,-lgcc,-lc,-lstdc++,--end-group
Finished building target: add_demo.elf
 
Invoking: ARM v8 Print Size
aarch64-none-elf-size add_demo.elf  |tee "add_demo.elf.size"
   text	   data	    bss	    dec	    hex	filename
  45736	   4432	  20792	  70960	  11530	add_demo.elf
Finished building: add_demo.elf.size
 
12:36:25 **** Incremental Build of configuration Debug for project add_demo ****
make all 
make: Nothing to be done for 'all'.
12:36:45 **** Incremental Build of configuration Debug for project add_demo ****
make all 
make: Nothing to be done for 'all'.
12:37:27 **** Incremental Build of configuration Debug for project add_demo ****
make all 
make: Nothing to be done for 'all'.
12:49:15 **** Incremental Build of configuration Debug for project add_demo ****
make all 
make: Nothing to be done for 'all'.
12:49:38 **** Incremental Build of configuration Debug for project add_demo ****
make all 
make: Nothing to be done for 'all'.
13:07:19 **** Incremental Build of configuration Debug for project add_demo ****
make all 
make: Nothing to be done for 'all'.
